Archive member included to satisfy reference by file (symbol)

c:/program files/microchip/xc8/v2.50/avr/bin/../lib/gcc/avr/5.4.0/avr4\libgcc.a(_copy_data.o)
                              build/default/debug/pin.o (__do_copy_data)
c:/program files/microchip/xc8/v2.50/avr/bin/../lib/gcc/avr/5.4.0/avr4\libgcc.a(_umulhisi3.o)
                              build/default/debug/modes.o (__umulhisi3)
c:/program files/microchip/xc8/v2.50/avr/bin/../lib/gcc/avr/5.4.0/avr4\libgcc.a(_adddi3.o)
                              build/default/debug/modes.o (__adddi3)
c:/program files/microchip/xc8/v2.50/avr/bin/../lib/gcc/avr/5.4.0/avr4\libgcc.a(_adddi3_s8.o)
                              build/default/debug/timekeeping.o (__adddi3_s8)
c:/program files/microchip/xc8/v2.50/avr/bin/../lib/gcc/avr/5.4.0/avr4\libgcc.a(_subdi3.o)
                              build/default/debug/pin.o (__subdi3)
c:/program files/microchip/xc8/v2.50/avr/bin/../lib/gcc/avr/5.4.0/avr4\libgcc.a(_cmpdi2_s8.o)
                              build/default/debug/pin.o (__cmpdi2_s8)
c:/program files/microchip/xc8/v2.50/avr/bin/../lib/gcc/avr/5.4.0/../../../../avr/lib/avr4\libc.a(exit.o)
                              C:/Program Files/Microchip/MPLABX/v6.20/packs/Microchip/ATmega_DFP/3.1.264/xc8/avr/lib/avr4/crtatmega8.o (exit)
c:/program files/microchip/xc8/v2.50/avr/bin/../lib/gcc/avr/5.4.0/../../../../avr/lib/avr4\libc.a(strcpy.o)
                              build/default/debug/led_driver.o (strcpy)
c:/program files/microchip/xc8/v2.50/avr/bin/../lib/gcc/avr/5.4.0/../../../../avr/lib/avr4\libc.a(_Exit.o)
                              c:/program files/microchip/xc8/v2.50/avr/bin/../lib/gcc/avr/5.4.0/../../../../avr/lib/avr4\libc.a(exit.o) (_Exit)
c:/program files/microchip/xc8/v2.50/avr/bin/../lib/gcc/avr/5.4.0/avr4\libgcc.a(_exit.o)
                              c:/program files/microchip/xc8/v2.50/avr/bin/../lib/gcc/avr/5.4.0/../../../../avr/lib/avr4\libc.a(_Exit.o) (_exit)

Discarded input sections

 .data          0x0000000000000000        0x0 C:/Program Files/Microchip/MPLABX/v6.20/packs/Microchip/ATmega_DFP/3.1.264/xc8/avr/lib/avr4/crtatmega8.o
 .bss           0x0000000000000000        0x0 C:/Program Files/Microchip/MPLABX/v6.20/packs/Microchip/ATmega_DFP/3.1.264/xc8/avr/lib/avr4/crtatmega8.o
 .text          0x0000000000000000        0x0 build/default/debug/main.o
 .data          0x0000000000000000        0x0 build/default/debug/main.o
 .bss           0x0000000000000000        0x0 build/default/debug/main.o
 .text          0x0000000000000000        0x0 build/default/debug/pin.o
 .data          0x0000000000000000        0x0 build/default/debug/pin.o
 .bss           0x0000000000000000        0x0 build/default/debug/pin.o
 .text.setRegBit
                0x0000000000000000       0x30 build/default/debug/pin.o
 .text.readGpioRaw
                0x0000000000000000       0x52 build/default/debug/pin.o
 .text.readGpioBlocking
                0x0000000000000000       0x64 build/default/debug/pin.o
 .text          0x0000000000000000        0x0 build/default/debug/led_driver.o
 .data          0x0000000000000000        0x0 build/default/debug/led_driver.o
 .bss           0x0000000000000000        0x0 build/default/debug/led_driver.o
 .data.Charn    0x0000000000000000        0x1 build/default/debug/led_driver.o
 .data.CharE    0x0000000000000000        0x1 build/default/debug/led_driver.o
 .avr.prop      0x0000000000000000       0x16 build/default/debug/led_driver.o
 .text          0x0000000000000000        0x0 build/default/debug/modes.o
 .data          0x0000000000000000        0x0 build/default/debug/modes.o
 .bss           0x0000000000000000        0x0 build/default/debug/modes.o
 .text          0x0000000000000000        0x0 build/default/debug/timekeeping.o
 .data          0x0000000000000000        0x0 build/default/debug/timekeeping.o
 .bss           0x0000000000000000        0x0 build/default/debug/timekeeping.o
 .text          0x0000000000000000        0x0 c:/program files/microchip/xc8/v2.50/avr/bin/../lib/gcc/avr/5.4.0/avr4\libgcc.a(_copy_data.o)
 .data          0x0000000000000000        0x0 c:/program files/microchip/xc8/v2.50/avr/bin/../lib/gcc/avr/5.4.0/avr4\libgcc.a(_copy_data.o)
 .bss           0x0000000000000000        0x0 c:/program files/microchip/xc8/v2.50/avr/bin/../lib/gcc/avr/5.4.0/avr4\libgcc.a(_copy_data.o)
 .text.libgcc.mul
                0x0000000000000000        0x0 c:/program files/microchip/xc8/v2.50/avr/bin/../lib/gcc/avr/5.4.0/avr4\libgcc.a(_copy_data.o)
 .text.libgcc.div
                0x0000000000000000        0x0 c:/program files/microchip/xc8/v2.50/avr/bin/../lib/gcc/avr/5.4.0/avr4\libgcc.a(_copy_data.o)
 .text.libgcc   0x0000000000000000        0x0 c:/program files/microchip/xc8/v2.50/avr/bin/../lib/gcc/avr/5.4.0/avr4\libgcc.a(_copy_data.o)
 .text.libgcc.prologue
                0x0000000000000000        0x0 c:/program files/microchip/xc8/v2.50/avr/bin/../lib/gcc/avr/5.4.0/avr4\libgcc.a(_copy_data.o)
 .text.libgcc.builtins
                0x0000000000000000        0x0 c:/program files/microchip/xc8/v2.50/avr/bin/../lib/gcc/avr/5.4.0/avr4\libgcc.a(_copy_data.o)
 .text.libgcc.fmul
                0x0000000000000000        0x0 c:/program files/microchip/xc8/v2.50/avr/bin/../lib/gcc/avr/5.4.0/avr4\libgcc.a(_copy_data.o)
 .text.libgcc.fixed
                0x0000000000000000        0x0 c:/program files/microchip/xc8/v2.50/avr/bin/../lib/gcc/avr/5.4.0/avr4\libgcc.a(_copy_data.o)
 .text          0x0000000000000000        0x0 c:/program files/microchip/xc8/v2.50/avr/bin/../lib/gcc/avr/5.4.0/avr4\libgcc.a(_umulhisi3.o)
 .data          0x0000000000000000        0x0 c:/program files/microchip/xc8/v2.50/avr/bin/../lib/gcc/avr/5.4.0/avr4\libgcc.a(_umulhisi3.o)
 .bss           0x0000000000000000        0x0 c:/program files/microchip/xc8/v2.50/avr/bin/../lib/gcc/avr/5.4.0/avr4\libgcc.a(_umulhisi3.o)
 .stack.descriptors
                0x0000000000000000       0x19 c:/program files/microchip/xc8/v2.50/avr/bin/../lib/gcc/avr/5.4.0/avr4\libgcc.a(_umulhisi3.o)
 .text.libgcc.div
                0x0000000000000000        0x0 c:/program files/microchip/xc8/v2.50/avr/bin/../lib/gcc/avr/5.4.0/avr4\libgcc.a(_umulhisi3.o)
 .text.libgcc   0x0000000000000000        0x0 c:/program files/microchip/xc8/v2.50/avr/bin/../lib/gcc/avr/5.4.0/avr4\libgcc.a(_umulhisi3.o)
 .text.libgcc.prologue
                0x0000000000000000        0x0 c:/program files/microchip/xc8/v2.50/avr/bin/../lib/gcc/avr/5.4.0/avr4\libgcc.a(_umulhisi3.o)
 .text.libgcc.builtins
                0x0000000000000000        0x0 c:/program files/microchip/xc8/v2.50/avr/bin/../lib/gcc/avr/5.4.0/avr4\libgcc.a(_umulhisi3.o)
 .text.libgcc.fmul
                0x0000000000000000        0x0 c:/program files/microchip/xc8/v2.50/avr/bin/../lib/gcc/avr/5.4.0/avr4\libgcc.a(_umulhisi3.o)
 .text.libgcc.fixed
                0x0000000000000000        0x0 c:/program files/microchip/xc8/v2.50/avr/bin/../lib/gcc/avr/5.4.0/avr4\libgcc.a(_umulhisi3.o)
 .text          0x0000000000000000        0x0 c:/program files/microchip/xc8/v2.50/avr/bin/../lib/gcc/avr/5.4.0/avr4\libgcc.a(_adddi3.o)
 .data          0x0000000000000000        0x0 c:/program files/microchip/xc8/v2.50/avr/bin/../lib/gcc/avr/5.4.0/avr4\libgcc.a(_adddi3.o)
 .bss           0x0000000000000000        0x0 c:/program files/microchip/xc8/v2.50/avr/bin/../lib/gcc/avr/5.4.0/avr4\libgcc.a(_adddi3.o)
 .text.libgcc.mul
                0x0000000000000000        0x0 c:/program files/microchip/xc8/v2.50/avr/bin/../lib/gcc/avr/5.4.0/avr4\libgcc.a(_adddi3.o)
 .text.libgcc.div
                0x0000000000000000        0x0 c:/program files/microchip/xc8/v2.50/avr/bin/../lib/gcc/avr/5.4.0/avr4\libgcc.a(_adddi3.o)
 .stack.descriptors
                0x0000000000000000       0x16 c:/program files/microchip/xc8/v2.50/avr/bin/../lib/gcc/avr/5.4.0/avr4\libgcc.a(_adddi3.o)
 .text.libgcc.prologue
                0x0000000000000000        0x0 c:/program files/microchip/xc8/v2.50/avr/bin/../lib/gcc/avr/5.4.0/avr4\libgcc.a(_adddi3.o)
 .text.libgcc.builtins
                0x0000000000000000        0x0 c:/program files/microchip/xc8/v2.50/avr/bin/../lib/gcc/avr/5.4.0/avr4\libgcc.a(_adddi3.o)
 .text.libgcc.fmul
                0x0000000000000000        0x0 c:/program files/microchip/xc8/v2.50/avr/bin/../lib/gcc/avr/5.4.0/avr4\libgcc.a(_adddi3.o)
 .text.libgcc.fixed
                0x0000000000000000        0x0 c:/program files/microchip/xc8/v2.50/avr/bin/../lib/gcc/avr/5.4.0/avr4\libgcc.a(_adddi3.o)
 .text          0x0000000000000000        0x0 c:/program files/microchip/xc8/v2.50/avr/bin/../lib/gcc/avr/5.4.0/avr4\libgcc.a(_adddi3_s8.o)
 .data          0x0000000000000000        0x0 c:/program files/microchip/xc8/v2.50/avr/bin/../lib/gcc/avr/5.4.0/avr4\libgcc.a(_adddi3_s8.o)
 .bss           0x0000000000000000        0x0 c:/program files/microchip/xc8/v2.50/avr/bin/../lib/gcc/avr/5.4.0/avr4\libgcc.a(_adddi3_s8.o)
 .text.libgcc.mul
                0x0000000000000000        0x0 c:/program files/microchip/xc8/v2.50/avr/bin/../lib/gcc/avr/5.4.0/avr4\libgcc.a(_adddi3_s8.o)
 .text.libgcc.div
                0x0000000000000000        0x0 c:/program files/microchip/xc8/v2.50/avr/bin/../lib/gcc/avr/5.4.0/avr4\libgcc.a(_adddi3_s8.o)
 .stack.descriptors
                0x0000000000000000       0x19 c:/program files/microchip/xc8/v2.50/avr/bin/../lib/gcc/avr/5.4.0/avr4\libgcc.a(_adddi3_s8.o)
 .text.libgcc.prologue
                0x0000000000000000        0x0 c:/program files/microchip/xc8/v2.50/avr/bin/../lib/gcc/avr/5.4.0/avr4\libgcc.a(_adddi3_s8.o)
 .text.libgcc.builtins
                0x0000000000000000        0x0 c:/program files/microchip/xc8/v2.50/avr/bin/../lib/gcc/avr/5.4.0/avr4\libgcc.a(_adddi3_s8.o)
 .text.libgcc.fmul
                0x0000000000000000        0x0 c:/program files/microchip/xc8/v2.50/avr/bin/../lib/gcc/avr/5.4.0/avr4\libgcc.a(_adddi3_s8.o)
 .text.libgcc.fixed
                0x0000000000000000        0x0 c:/program files/microchip/xc8/v2.50/avr/bin/../lib/gcc/avr/5.4.0/avr4\libgcc.a(_adddi3_s8.o)
 .text          0x0000000000000000        0x0 c:/program files/microchip/xc8/v2.50/avr/bin/../lib/gcc/avr/5.4.0/avr4\libgcc.a(_subdi3.o)
 .data          0x0000000000000000        0x0 c:/program files/microchip/xc8/v2.50/avr/bin/../lib/gcc/avr/5.4.0/avr4\libgcc.a(_subdi3.o)
 .bss           0x0000000000000000        0x0 c:/program files/microchip/xc8/v2.50/avr/bin/../lib/gcc/avr/5.4.0/avr4\libgcc.a(_subdi3.o)
 .text.libgcc.mul
                0x0000000000000000        0x0 c:/program files/microchip/xc8/v2.50/avr/bin/../lib/gcc/avr/5.4.0/avr4\libgcc.a(_subdi3.o)
 .text.libgcc.div
                0x0000000000000000        0x0 c:/program files/microchip/xc8/v2.50/avr/bin/../lib/gcc/avr/5.4.0/avr4\libgcc.a(_subdi3.o)
 .stack.descriptors
                0x0000000000000000       0x16 c:/program files/microchip/xc8/v2.50/avr/bin/../lib/gcc/avr/5.4.0/avr4\libgcc.a(_subdi3.o)
 .text.libgcc.prologue
                0x0000000000000000        0x0 c:/program files/microchip/xc8/v2.50/avr/bin/../lib/gcc/avr/5.4.0/avr4\libgcc.a(_subdi3.o)
 .text.libgcc.builtins
                0x0000000000000000        0x0 c:/program files/microchip/xc8/v2.50/avr/bin/../lib/gcc/avr/5.4.0/avr4\libgcc.a(_subdi3.o)
 .text.libgcc.fmul
                0x0000000000000000        0x0 c:/program files/microchip/xc8/v2.50/avr/bin/../lib/gcc/avr/5.4.0/avr4\libgcc.a(_subdi3.o)
 .text.libgcc.fixed
                0x0000000000000000        0x0 c:/program files/microchip/xc8/v2.50/avr/bin/../lib/gcc/avr/5.4.0/avr4\libgcc.a(_subdi3.o)
 .text          0x0000000000000000        0x0 c:/program files/microchip/xc8/v2.50/avr/bin/../lib/gcc/avr/5.4.0/avr4\libgcc.a(_cmpdi2_s8.o)
 .data          0x0000000000000000        0x0 c:/program files/microchip/xc8/v2.50/avr/bin/../lib/gcc/avr/5.4.0/avr4\libgcc.a(_cmpdi2_s8.o)
 .bss           0x0000000000000000        0x0 c:/program files/microchip/xc8/v2.50/avr/bin/../lib/gcc/avr/5.4.0/avr4\libgcc.a(_cmpdi2_s8.o)
 .text.libgcc.mul
                0x0000000000000000        0x0 c:/program files/microchip/xc8/v2.50/avr/bin/../lib/gcc/avr/5.4.0/avr4\libgcc.a(_cmpdi2_s8.o)
 .text.libgcc.div
                0x0000000000000000        0x0 c:/program files/microchip/xc8/v2.50/avr/bin/../lib/gcc/avr/5.4.0/avr4\libgcc.a(_cmpdi2_s8.o)
 .stack.descriptors
                0x0000000000000000       0x19 c:/program files/microchip/xc8/v2.50/avr/bin/../lib/gcc/avr/5.4.0/avr4\libgcc.a(_cmpdi2_s8.o)
 .text.libgcc.prologue
                0x0000000000000000        0x0 c:/program files/microchip/xc8/v2.50/avr/bin/../lib/gcc/avr/5.4.0/avr4\libgcc.a(_cmpdi2_s8.o)
 .text.libgcc.builtins
                0x0000000000000000        0x0 c:/program files/microchip/xc8/v2.50/avr/bin/../lib/gcc/avr/5.4.0/avr4\libgcc.a(_cmpdi2_s8.o)
 .text.libgcc.fmul
                0x0000000000000000        0x0 c:/program files/microchip/xc8/v2.50/avr/bin/../lib/gcc/avr/5.4.0/avr4\libgcc.a(_cmpdi2_s8.o)
 .text.libgcc.fixed
                0x0000000000000000        0x0 c:/program files/microchip/xc8/v2.50/avr/bin/../lib/gcc/avr/5.4.0/avr4\libgcc.a(_cmpdi2_s8.o)
 .text          0x0000000000000000        0x0 c:/program files/microchip/xc8/v2.50/avr/bin/../lib/gcc/avr/5.4.0/../../../../avr/lib/avr4\libc.a(exit.o)
 .data          0x0000000000000000        0x0 c:/program files/microchip/xc8/v2.50/avr/bin/../lib/gcc/avr/5.4.0/../../../../avr/lib/avr4\libc.a(exit.o)
 .bss           0x0000000000000000        0x0 c:/program files/microchip/xc8/v2.50/avr/bin/../lib/gcc/avr/5.4.0/../../../../avr/lib/avr4\libc.a(exit.o)
 .stack.descriptors
                0x0000000000000000       0x73 c:/program files/microchip/xc8/v2.50/avr/bin/../lib/gcc/avr/5.4.0/../../../../avr/lib/avr4\libc.a(exit.o)
 .text          0x0000000000000000        0x0 c:/program files/microchip/xc8/v2.50/avr/bin/../lib/gcc/avr/5.4.0/../../../../avr/lib/avr4\libc.a(strcpy.o)
 .data          0x0000000000000000        0x0 c:/program files/microchip/xc8/v2.50/avr/bin/../lib/gcc/avr/5.4.0/../../../../avr/lib/avr4\libc.a(strcpy.o)
 .bss           0x0000000000000000        0x0 c:/program files/microchip/xc8/v2.50/avr/bin/../lib/gcc/avr/5.4.0/../../../../avr/lib/avr4\libc.a(strcpy.o)
 .stack.descriptors
                0x0000000000000000       0x14 c:/program files/microchip/xc8/v2.50/avr/bin/../lib/gcc/avr/5.4.0/../../../../avr/lib/avr4\libc.a(strcpy.o)
 .text          0x0000000000000000        0x0 c:/program files/microchip/xc8/v2.50/avr/bin/../lib/gcc/avr/5.4.0/../../../../avr/lib/avr4\libc.a(_Exit.o)
 .data          0x0000000000000000        0x0 c:/program files/microchip/xc8/v2.50/avr/bin/../lib/gcc/avr/5.4.0/../../../../avr/lib/avr4\libc.a(_Exit.o)
 .bss           0x0000000000000000        0x0 c:/program files/microchip/xc8/v2.50/avr/bin/../lib/gcc/avr/5.4.0/../../../../avr/lib/avr4\libc.a(_Exit.o)
 .stack.descriptors
                0x0000000000000000       0x13 c:/program files/microchip/xc8/v2.50/avr/bin/../lib/gcc/avr/5.4.0/../../../../avr/lib/avr4\libc.a(_Exit.o)
 .text          0x0000000000000000        0x0 c:/program files/microchip/xc8/v2.50/avr/bin/../lib/gcc/avr/5.4.0/avr4\libgcc.a(_exit.o)
 .data          0x0000000000000000        0x0 c:/program files/microchip/xc8/v2.50/avr/bin/../lib/gcc/avr/5.4.0/avr4\libgcc.a(_exit.o)
 .bss           0x0000000000000000        0x0 c:/program files/microchip/xc8/v2.50/avr/bin/../lib/gcc/avr/5.4.0/avr4\libgcc.a(_exit.o)
 .text.libgcc.mul
                0x0000000000000000        0x0 c:/program files/microchip/xc8/v2.50/avr/bin/../lib/gcc/avr/5.4.0/avr4\libgcc.a(_exit.o)
 .text.libgcc.div
                0x0000000000000000        0x0 c:/program files/microchip/xc8/v2.50/avr/bin/../lib/gcc/avr/5.4.0/avr4\libgcc.a(_exit.o)
 .text.libgcc   0x0000000000000000        0x0 c:/program files/microchip/xc8/v2.50/avr/bin/../lib/gcc/avr/5.4.0/avr4\libgcc.a(_exit.o)
 .text.libgcc.prologue
                0x0000000000000000        0x0 c:/program files/microchip/xc8/v2.50/avr/bin/../lib/gcc/avr/5.4.0/avr4\libgcc.a(_exit.o)
 .stack.descriptors
                0x0000000000000000       0x13 c:/program files/microchip/xc8/v2.50/avr/bin/../lib/gcc/avr/5.4.0/avr4\libgcc.a(_exit.o)
 .text.libgcc.builtins
                0x0000000000000000        0x0 c:/program files/microchip/xc8/v2.50/avr/bin/../lib/gcc/avr/5.4.0/avr4\libgcc.a(_exit.o)
 .text.libgcc.fmul
                0x0000000000000000        0x0 c:/program files/microchip/xc8/v2.50/avr/bin/../lib/gcc/avr/5.4.0/avr4\libgcc.a(_exit.o)
 .text.libgcc.fixed
                0x0000000000000000        0x0 c:/program files/microchip/xc8/v2.50/avr/bin/../lib/gcc/avr/5.4.0/avr4\libgcc.a(_exit.o)

Memory Configuration

Name             Origin             Length             Attributes
text             0x0000000000000000 0x0000000000002000 xr
data             0x0000000000800060 0x0000000000000400 rw !x
eeprom           0x0000000000810000 0x0000000000000200 rw !x
fuse             0x0000000000820000 0x0000000000000002 rw !x
lock             0x0000000000830000 0x0000000000000400 rw !x
signature        0x0000000000840000 0x0000000000000400 rw !x
user_signatures  0x0000000000850000 0x0000000000000400 rw !x
bootrow          0x0000000000860000 0x0000000000000400 rw !x
*default*        0x0000000000000000 0xffffffffffffffff

Linker script and memory map

LOAD C:/Program Files/Microchip/MPLABX/v6.20/packs/Microchip/ATmega_DFP/3.1.264/xc8/avr/lib/avr4/crtatmega8.o
                0x0000000000000001                __MPLAB_BUILD = 0x1
LOAD build/default/debug/main.o
LOAD build/default/debug/pin.o
LOAD build/default/debug/led_driver.o
LOAD build/default/debug/modes.o
LOAD build/default/debug/timekeeping.o
START GROUP
LOAD c:/program files/microchip/xc8/v2.50/avr/bin/../lib/gcc/avr/5.4.0/../../../../avr/lib/avr4\libm.a
END GROUP
                0x0000000000000001                __MPLAB_DEBUG = 0x1
                0x0000000000000001                __DEBUG = 0x1
START GROUP
LOAD c:/program files/microchip/xc8/v2.50/avr/bin/../lib/gcc/avr/5.4.0/avr4\libgcc.a
LOAD c:/program files/microchip/xc8/v2.50/avr/bin/../lib/gcc/avr/5.4.0/../../../../avr/lib/avr4\libm.a
LOAD c:/program files/microchip/xc8/v2.50/avr/bin/../lib/gcc/avr/5.4.0/../../../../avr/lib/avr4\libc.a
LOAD C:/Program Files/Microchip/MPLABX/v6.20/packs/Microchip/ATmega_DFP/3.1.264/xc8/avr/lib/avr4\libatmega8.a
END GROUP
                0x0000000000000000                __TEXT_REGION_ORIGIN__ = DEFINED (__TEXT_REGION_ORIGIN__)?__TEXT_REGION_ORIGIN__:0x0
                [0x0000000000800060]                __DATA_REGION_ORIGIN__ = DEFINED (__DATA_REGION_ORIGIN__)?__DATA_REGION_ORIGIN__:0x800060
                [0x0000000000002000]                __TEXT_REGION_LENGTH__ = DEFINED (__TEXT_REGION_LENGTH__)?__TEXT_REGION_LENGTH__:0x2000
                [0x0000000000000400]                __DATA_REGION_LENGTH__ = DEFINED (__DATA_REGION_LENGTH__)?__DATA_REGION_LENGTH__:0xffa0
                [0x0000000000000200]                __EEPROM_REGION_LENGTH__ = DEFINED (__EEPROM_REGION_LENGTH__)?__EEPROM_REGION_LENGTH__:0x10000
                [0x0000000000000002]                __FUSE_REGION_LENGTH__ = DEFINED (__FUSE_REGION_LENGTH__)?__FUSE_REGION_LENGTH__:0x400
                0x0000000000000400                __LOCK_REGION_LENGTH__ = DEFINED (__LOCK_REGION_LENGTH__)?__LOCK_REGION_LENGTH__:0x400
                0x0000000000000400                __SIGNATURE_REGION_LENGTH__ = DEFINED (__SIGNATURE_REGION_LENGTH__)?__SIGNATURE_REGION_LENGTH__:0x400
                0x0000000000000400                __USER_SIGNATURE_REGION_LENGTH__ = DEFINED (__USER_SIGNATURE_REGION_LENGTH__)?__USER_SIGNATURE_REGION_LENGTH__:0x400
                0x0000000000000400                __BOOTROW_REGION_LENGTH__ = DEFINED (__BOOTROW_REGION_LENGTH__)?__BOOTROW_REGION_LENGTH__:0x400

.hash
 *(.hash)

.dynsym
 *(.dynsym)

.dynstr
 *(.dynstr)

.gnu.version
 *(.gnu.version)

.gnu.version_d
 *(.gnu.version_d)

.gnu.version_r
 *(.gnu.version_r)

.rel.init
 *(.rel.init)

.rela.init
 *(.rela.init)

.rel.text
 *(.rel.text)
 *(.rel.text.*)
 *(.rel.gnu.linkonce.t*)

.rela.text
 *(.rela.text)
 *(.rela.text.*)
 *(.rela.gnu.linkonce.t*)

.rel.fini
 *(.rel.fini)

.rela.fini
 *(.rela.fini)

.rel.rodata
 *(.rel.rodata)
 *(.rel.rodata.*)
 *(.rel.gnu.linkonce.r*)

.rela.rodata
 *(.rela.rodata)
 *(.rela.rodata.*)
 *(.rela.gnu.linkonce.r*)

.rel.data
 *(.rel.data)
 *(.rel.data.*)
 *(.rel.gnu.linkonce.d*)

.rela.data
 *(.rela.data)
 *(.rela.data.*)
 *(.rela.gnu.linkonce.d*)

.rel.ctors
 *(.rel.ctors)

.rela.ctors
 *(.rela.ctors)

.rel.dtors
 *(.rel.dtors)

.rela.dtors
 *(.rela.dtors)

.rel.got
 *(.rel.got)

.rela.got
 *(.rela.got)

.rel.bss
 *(.rel.bss)

.rela.bss
 *(.rela.bss)

.rel.plt
 *(.rel.plt)

.rela.plt
 *(.rela.plt)

.text           0x0000000000000000      0x118
 *(.vectors)
 .vectors       0x0000000000000000       0x26 C:/Program Files/Microchip/MPLABX/v6.20/packs/Microchip/ATmega_DFP/3.1.264/xc8/avr/lib/avr4/crtatmega8.o
                0x0000000000000000                __vector_default
                0x0000000000000000                __vectors
 *(.vectors)
 *(.progmem.gcc*)
 .progmem.gcc_sw_table.handleLEDInterrupt
                0x0000000000000026       0x66 build/default/debug/led_driver.o
 *(.dinit)
 .dinit         0x000000000000008c       0x3c data_init
                0x00000000000000c8                . = ALIGN (0x2)
                0x00000000000000c8                __trampolines_start = .
 *(.trampolines)
 .trampolines   0x00000000000000c8        0x0 linker stubs
 *(.trampolines*)
                0x00000000000000c8                __trampolines_end = .
 *libprintf_flt.a:*(.progmem.data)
 *libc.a:*(.progmem.data)
                0x00000000000000c8                . = ALIGN (0x2)
 *(.jumptables)
 *(.jumptables*)
 *(.lowtext)
 *(.lowtext*)
                0x00000000000000c8                __ctors_start = .
 *(.ctors)
                0x00000000000000c8                __ctors_end = .
                0x00000000000000c8                __dtors_start = .
 *(.dtors)
                0x00000000000000c8                __dtors_end = .
 SORT(*)(.ctors)
 SORT(*)(.dtors)
 *(.init0)
 .init0         0x00000000000000c8        0x0 C:/Program Files/Microchip/MPLABX/v6.20/packs/Microchip/ATmega_DFP/3.1.264/xc8/avr/lib/avr4/crtatmega8.o
                0x00000000000000c8                __init
 *(.init0)
 *(.init1)
 *(.init1)
 *(.init2)
 .init2         0x00000000000000c8        0xc C:/Program Files/Microchip/MPLABX/v6.20/packs/Microchip/ATmega_DFP/3.1.264/xc8/avr/lib/avr4/crtatmega8.o
 *(.init2)
 *(.init3)
 *(.init3)
 *(.init4)
 .init4         0x00000000000000d4       0x3c c:/program files/microchip/xc8/v2.50/avr/bin/../lib/gcc/avr/5.4.0/avr4\libgcc.a(_copy_data.o)
                0x00000000000000d4                __do_copy_data
                0x0000000000000102                __do_clear_bss
 *(.init4)
 *(.init5)
 *(.init5)
 *(.init6)
 *(.init6)
 *(.init7)
 *(.init7)
 *(.init8)
 *(.init8)
 *(.init9)
 .init9         0x0000000000000110        0x4 C:/Program Files/Microchip/MPLABX/v6.20/packs/Microchip/ATmega_DFP/3.1.264/xc8/avr/lib/avr4/crtatmega8.o
 *(.init9)
                0x0000000000000114                . = ALIGN (0x2)
 *(.fini9)
 .fini9         0x0000000000000114        0x0 c:/program files/microchip/xc8/v2.50/avr/bin/../lib/gcc/avr/5.4.0/avr4\libgcc.a(_exit.o)
                0x0000000000000114                _exit
 *(.fini9)
 *(.fini8)
 *(.fini8)
 *(.fini7)
 *(.fini7)
 *(.fini6)
 *(.fini6)
 *(.fini5)
 *(.fini5)
 *(.fini4)
 *(.fini4)
 *(.fini3)
 *(.fini3)
 *(.fini2)
 *(.fini2)
 *(.fini1)
 *(.fini1)
 *(.fini0)
 .fini0         0x0000000000000114        0x4 c:/program files/microchip/xc8/v2.50/avr/bin/../lib/gcc/avr/5.4.0/avr4\libgcc.a(_exit.o)
 *(.fini0)
                0x0000000000000118                _etext = .

.data           0x0000000000800060        0x0 load address 0x0000000000000118
                [!provide]                        PROVIDE (__data_start, .)
 *(.gnu.linkonce.d*)
 *(.gnu.linkonce.r*)
                0x0000000000800060                . = ALIGN (0x2)
                0x0000000000800060                _edata = .
                [!provide]                        PROVIDE (__data_end, .)

.bss            0x0000000000800060        0x0
                [!provide]                        PROVIDE (__bss_start, .)
 *(COMMON)
                [!provide]                        PROVIDE (__bss_end, .)
                0x0000000000000118                __data_load_start = LOADADDR (.data)
                0x0000000000000118                __data_load_end = (__data_load_start + SIZEOF (.data))

.noinit         0x0000000000800060        0x0
                [!provide]                        PROVIDE (__noinit_start, .)
 *(.noinit*)
                [!provide]                        PROVIDE (__noinit_end, .)
                0x0000000000800060                _end = .

.eeprom         0x0000000000810000        0x0
 *(.eeprom*)
                0x0000000000810000                __eeprom_end = .

.fuse
 *(.fuse)
 *(.lfuse)
 *(.hfuse)
 *(.efuse)

.lock
 *(.lock*)

.signature
 *(.signature*)

.user_signatures
 *(.user_signatures*)

.bootrow
 *(.bootrow*)

.stab
 *(.stab)

.stabstr
 *(.stabstr)

.stab.excl
 *(.stab.excl)

.stab.exclstr
 *(.stab.exclstr)

.stab.index
 *(.stab.index)

.stab.indexstr
 *(.stab.indexstr)

.comment        0x0000000000000000       0x5b
 *(.comment)
 .comment       0x0000000000000000       0x2f build/default/debug/main.o
                                         0x30 (size before relaxing)
 .comment       0x000000000000002f       0x30 build/default/debug/pin.o
 .comment       0x000000000000002f       0x30 build/default/debug/led_driver.o
 .comment       0x000000000000002f       0x30 build/default/debug/modes.o
 .comment       0x000000000000002f       0x30 build/default/debug/timekeeping.o
 .comment       0x000000000000002f       0x2c c:/program files/microchip/xc8/v2.50/avr/bin/../lib/gcc/avr/5.4.0/../../../../avr/lib/avr4\libc.a(exit.o)
                                         0x2d (size before relaxing)
 .comment       0x000000000000005b       0x2d c:/program files/microchip/xc8/v2.50/avr/bin/../lib/gcc/avr/5.4.0/../../../../avr/lib/avr4\libc.a(strcpy.o)
 .comment       0x000000000000005b       0x2d c:/program files/microchip/xc8/v2.50/avr/bin/../lib/gcc/avr/5.4.0/../../../../avr/lib/avr4\libc.a(_Exit.o)

.stack.descriptors.hdr
                0x0000000000000000       0x7e
 .stack.descriptors.hdr
                0x0000000000000000        0xe c:/program files/microchip/xc8/v2.50/avr/bin/../lib/gcc/avr/5.4.0/avr4\libgcc.a(_umulhisi3.o)
 .stack.descriptors.hdr
                0x000000000000000e        0xe c:/program files/microchip/xc8/v2.50/avr/bin/../lib/gcc/avr/5.4.0/avr4\libgcc.a(_adddi3.o)
 .stack.descriptors.hdr
                0x000000000000001c        0xe c:/program files/microchip/xc8/v2.50/avr/bin/../lib/gcc/avr/5.4.0/avr4\libgcc.a(_adddi3_s8.o)
 .stack.descriptors.hdr
                0x000000000000002a        0xe c:/program files/microchip/xc8/v2.50/avr/bin/../lib/gcc/avr/5.4.0/avr4\libgcc.a(_subdi3.o)
 .stack.descriptors.hdr
                0x0000000000000038        0xe c:/program files/microchip/xc8/v2.50/avr/bin/../lib/gcc/avr/5.4.0/avr4\libgcc.a(_cmpdi2_s8.o)
 .stack.descriptors.hdr
                0x0000000000000046        0xe c:/program files/microchip/xc8/v2.50/avr/bin/../lib/gcc/avr/5.4.0/../../../../avr/lib/avr4\libc.a(exit.o)
 .stack.descriptors.hdr
                0x0000000000000054        0xe c:/program files/microchip/xc8/v2.50/avr/bin/../lib/gcc/avr/5.4.0/../../../../avr/lib/avr4\libc.a(strcpy.o)
 .stack.descriptors.hdr
                0x0000000000000062        0xe c:/program files/microchip/xc8/v2.50/avr/bin/../lib/gcc/avr/5.4.0/../../../../avr/lib/avr4\libc.a(_Exit.o)
 .stack.descriptors.hdr
                0x0000000000000070        0xe c:/program files/microchip/xc8/v2.50/avr/bin/../lib/gcc/avr/5.4.0/avr4\libgcc.a(_exit.o)

.note.GNU-stack
                0x0000000000000000        0x0
 .note.GNU-stack
                0x0000000000000000        0x0 c:/program files/microchip/xc8/v2.50/avr/bin/../lib/gcc/avr/5.4.0/../../../../avr/lib/avr4\libc.a(exit.o)
 .note.GNU-stack
                0x0000000000000000        0x0 c:/program files/microchip/xc8/v2.50/avr/bin/../lib/gcc/avr/5.4.0/../../../../avr/lib/avr4\libc.a(strcpy.o)
 .note.GNU-stack
                0x0000000000000000        0x0 c:/program files/microchip/xc8/v2.50/avr/bin/../lib/gcc/avr/5.4.0/../../../../avr/lib/avr4\libc.a(_Exit.o)

.note.gnu.build-id
 *(.note.gnu.build-id)

.debug
 *(.debug)

.line
 *(.line)

.debug_srcinfo
 *(.debug_srcinfo)

.debug_sfnames
 *(.debug_sfnames)

.debug_aranges  0x0000000000000000      0x128
 *(.debug_aranges)
 .debug_aranges
                0x0000000000000000       0x28 build/default/debug/main.o
 .debug_aranges
                0x0000000000000028       0x48 build/default/debug/pin.o
 .debug_aranges
                0x0000000000000070       0x40 build/default/debug/led_driver.o
 .debug_aranges
                0x00000000000000b0       0x50 build/default/debug/modes.o
 .debug_aranges
                0x0000000000000100       0x28 build/default/debug/timekeeping.o

.debug_pubnames
 *(.debug_pubnames)

.debug_info     0x0000000000000000     0x2dce
 *(.debug_info .gnu.linkonce.wi.*)
 .debug_info    0x0000000000000000      0x48c C:/Program Files/Microchip/MPLABX/v6.20/packs/Microchip/ATmega_DFP/3.1.264/xc8/avr/lib/avr4/crtatmega8.o
 .debug_info    0x000000000000048c      0x4de build/default/debug/main.o
 .debug_info    0x000000000000096a      0xa84 build/default/debug/pin.o
 .debug_info    0x00000000000013ee      0xaac build/default/debug/led_driver.o
 .debug_info    0x0000000000001e9a      0xcb1 build/default/debug/modes.o
 .debug_info    0x0000000000002b4b      0x283 build/default/debug/timekeeping.o

.debug_abbrev   0x0000000000000000      0xd59
 *(.debug_abbrev)
 .debug_abbrev  0x0000000000000000      0x44e C:/Program Files/Microchip/MPLABX/v6.20/packs/Microchip/ATmega_DFP/3.1.264/xc8/avr/lib/avr4/crtatmega8.o
 .debug_abbrev  0x000000000000044e      0x162 build/default/debug/main.o
 .debug_abbrev  0x00000000000005b0      0x233 build/default/debug/pin.o
 .debug_abbrev  0x00000000000007e3      0x229 build/default/debug/led_driver.o
 .debug_abbrev  0x0000000000000a0c      0x2d3 build/default/debug/modes.o
 .debug_abbrev  0x0000000000000cdf       0x7a build/default/debug/timekeeping.o

.debug_line     0x0000000000000000      0xc08
 *(.debug_line .debug_line.* .debug_line_end)
 .debug_line    0x0000000000000000      0x10a C:/Program Files/Microchip/MPLABX/v6.20/packs/Microchip/ATmega_DFP/3.1.264/xc8/avr/lib/avr4/crtatmega8.o
 .debug_line    0x000000000000010a      0x159 build/default/debug/main.o
 .debug_line    0x0000000000000263      0x23f build/default/debug/pin.o
 .debug_line    0x00000000000004a2      0x233 build/default/debug/led_driver.o
 .debug_line    0x00000000000006d5      0x477 build/default/debug/modes.o
 .debug_line    0x0000000000000b4c       0xbc build/default/debug/timekeeping.o

.debug_frame    0x0000000000000000      0x458
 *(.debug_frame)
 .debug_frame   0x0000000000000000       0x54 build/default/debug/main.o
 .debug_frame   0x0000000000000054      0x154 build/default/debug/pin.o
 .debug_frame   0x00000000000001a8       0x98 build/default/debug/led_driver.o
 .debug_frame   0x0000000000000240      0x1bc build/default/debug/modes.o
 .debug_frame   0x00000000000003fc       0x5c build/default/debug/timekeeping.o

.debug_str      0x0000000000000000      0x2eb
 *(.debug_str)
 .debug_str     0x0000000000000000      0x17a C:/Program Files/Microchip/MPLABX/v6.20/packs/Microchip/ATmega_DFP/3.1.264/xc8/avr/lib/avr4/crtatmega8.o
 .debug_str     0x000000000000017a       0x2f build/default/debug/main.o
 .debug_str     0x00000000000001a9       0x33 build/default/debug/pin.o
 .debug_str     0x00000000000001dc        0x0 build/default/debug/led_driver.o
 .debug_str     0x00000000000001dc      0x10f build/default/debug/modes.o
 .debug_str     0x00000000000002eb        0x0 build/default/debug/timekeeping.o

.debug_loc      0x0000000000000000     0x13b5
 *(.debug_loc)
 .debug_loc     0x0000000000000000       0x7b build/default/debug/main.o
 .debug_loc     0x000000000000007b      0x52f build/default/debug/pin.o
 .debug_loc     0x00000000000005aa      0x41e build/default/debug/led_driver.o
 .debug_loc     0x00000000000009c8      0x9ed build/default/debug/modes.o

.debug_macinfo
 *(.debug_macinfo)

.debug_weaknames
 *(.debug_weaknames)

.debug_funcnames
 *(.debug_funcnames)

.debug_typenames
 *(.debug_typenames)

.debug_varnames
 *(.debug_varnames)

.debug_pubtypes
 *(.debug_pubtypes)

.debug_ranges   0x0000000000000000      0x2b0
 *(.debug_ranges)
 .debug_ranges  0x0000000000000000       0x18 build/default/debug/main.o
 .debug_ranges  0x0000000000000018       0x38 build/default/debug/pin.o
 .debug_ranges  0x0000000000000050       0xf8 build/default/debug/led_driver.o
 .debug_ranges  0x0000000000000148      0x150 build/default/debug/modes.o
 .debug_ranges  0x0000000000000298       0x18 build/default/debug/timekeeping.o

.debug_macro
 *(.debug_macro)
OUTPUT(dist/default/debug/counter-timer-sw.debug.elf elf32-avr)
LOAD linker stubs
LOAD data_init

.note.gnu.avr.deviceinfo
                0x0000000000000000       0x3c
 .note.gnu.avr.deviceinfo
                0x0000000000000000       0x3c C:/Program Files/Microchip/MPLABX/v6.20/packs/Microchip/ATmega_DFP/3.1.264/xc8/avr/lib/avr4/crtatmega8.o

.bss.debounce_finished.2065
                0x00000000008001ad        0x1
 .bss.debounce_finished.2065
                0x00000000008001ad        0x1 build/default/debug/pin.o

.bss.interruptFired
                0x00000000008001ae        0x1
 .bss.interruptFired
                0x00000000008001ae        0x1 build/default/debug/led_driver.o
                0x00000000008001ae                interruptFired

.bss.CharacterDisplayed
                0x00000000008001a1        0x2
 .bss.CharacterDisplayed
                0x00000000008001a1        0x2 build/default/debug/led_driver.o
                0x00000000008001a1                CharacterDisplayed

.bss.CharSpace  0x00000000008001af        0x1
 .bss.CharSpace
                0x00000000008001af        0x1 build/default/debug/led_driver.o
                0x00000000008001af                CharSpace

.bss.untapped.2111
                0x00000000008001c0        0x1
 .bss.untapped.2111
                0x00000000008001c0        0x1 build/default/debug/modes.o

.bss.tapped.2112
                0x00000000008001c1        0x1
 .bss.tapped.2112
                0x00000000008001c1        0x1 build/default/debug/modes.o

.bss.first_incremented.2118
                0x00000000008001c2        0x1
 .bss.first_incremented.2118
                0x00000000008001c2        0x1 build/default/debug/modes.o

.bss.tick_at_last_increment.2117
                0x00000000008000de        0x8
 .bss.tick_at_last_increment.2117
                0x00000000008000de        0x8 build/default/debug/modes.o

.bss.increment_events.2116
                0x00000000008001a3        0x2
 .bss.increment_events.2116
                0x00000000008001a3        0x2 build/default/debug/modes.o

.bss.cumulative_tick.2115
                0x00000000008000e6        0x8
 .bss.cumulative_tick.2115
                0x00000000008000e6        0x8 build/default/debug/modes.o

.bss.last_tick.2114
                0x00000000008001a5        0x2
 .bss.last_tick.2114
                0x00000000008001a5        0x2 build/default/debug/modes.o

.bss.last_pushed.2123
                0x0000000000800195        0x4
 .bss.last_pushed.2123
                0x0000000000800195        0x4 build/default/debug/modes.o

.bss.tick_at_first_pushed.2124
                0x0000000000800060       0x20
 .bss.tick_at_first_pushed.2124
                0x0000000000800060       0x20 build/default/debug/modes.o

.bss.counter.2061
                0x00000000008001a7        0x2
 .bss.counter.2061
                0x00000000008001a7        0x2 build/default/debug/modes.o

.bss.first_incremented.2067
                0x00000000008001c4        0x1
 .bss.first_incremented.2067
                0x00000000008001c4        0x1 build/default/debug/modes.o

.bss.tick_at_last_increment.2066
                0x00000000008000ee        0x8
 .bss.tick_at_last_increment.2066
                0x00000000008000ee        0x8 build/default/debug/modes.o

.bss.increment_events.2065
                0x00000000008001a9        0x2
 .bss.increment_events.2065
                0x00000000008001a9        0x2 build/default/debug/modes.o

.bss.cumulative_tick.2064
                0x00000000008000f6        0x8
 .bss.cumulative_tick.2064
                0x00000000008000f6        0x8 build/default/debug/modes.o

.bss.last_tick.2063
                0x00000000008001ab        0x2
 .bss.last_tick.2063
                0x00000000008001ab        0x2 build/default/debug/modes.o

.bss.last_pushed.2073
                0x0000000000800199        0x4
 .bss.last_pushed.2073
                0x0000000000800199        0x4 build/default/debug/modes.o

.bss.tick_at_first_pushed.2074
                0x0000000000800080       0x20
 .bss.tick_at_first_pushed.2074
                0x0000000000800080       0x20 build/default/debug/modes.o

.bss.last_pushed.2043
                0x000000000080019d        0x4
 .bss.last_pushed.2043
                0x000000000080019d        0x4 build/default/debug/modes.o

.bss.tick_at_first_pushed.2044
                0x00000000008000a0       0x20
 .bss.tick_at_first_pushed.2044
                0x00000000008000a0       0x20 build/default/debug/modes.o

.bss.tick       0x00000000008000fe        0x8
 .bss.tick      0x00000000008000fe        0x8 build/default/debug/timekeeping.o

.text.counterHandler
                0x0000000000000118      0x3ec
 .text.counterHandler
                0x0000000000000118      0x3ec build/default/debug/modes.o
                0x0000000000000118                counterHandler

.text.tapperHandler
                0x0000000000000504      0x26e
 .text.tapperHandler
                0x0000000000000504      0x26e build/default/debug/modes.o
                0x0000000000000504                tapperHandler

.text.setAnodes
                0x0000000000000772      0x190
 .text.setAnodes
                0x0000000000000772      0x190 build/default/debug/led_driver.o

.text.integer4DigitToString
                0x0000000000000902      0x144
 .text.integer4DigitToString
                0x0000000000000902      0x144 build/default/debug/modes.o

.text.readGpioNonblockingReleased
                0x0000000000000a46      0x10e
 .text.readGpioNonblockingReleased
                0x0000000000000a46      0x10e build/default/debug/pin.o
                0x0000000000000a46                readGpioNonblockingReleased

.text.handleLEDInterrupt
                0x0000000000000b54      0x106
 .text.handleLEDInterrupt
                0x0000000000000b54      0x106 build/default/debug/led_driver.o
                0x0000000000000b54                handleLEDInterrupt

.text.readGpioNonblocking
                0x0000000000000c5a       0xf2
 .text.readGpioNonblocking
                0x0000000000000c5a       0xf2 build/default/debug/pin.o
                0x0000000000000c5a                readGpioNonblocking

.text.setGPIO   0x0000000000000d4c       0xdc
 .text.setGPIO  0x0000000000000d4c       0xdc build/default/debug/pin.o
                0x0000000000000d4c                setGPIO

.text.switchDemoHandler
                0x0000000000000e28       0xc6
 .text.switchDemoHandler
                0x0000000000000e28       0xc6 build/default/debug/modes.o
                0x0000000000000e28                switchDemoHandler

.text.clearDisplay
                0x0000000000000eee       0xc2
 .text.clearDisplay
                0x0000000000000eee       0xc2 build/default/debug/led_driver.o
                0x0000000000000eee                clearDisplay

.text.startup.main
                0x0000000000000fb0       0x98
 .text.startup.main
                0x0000000000000fb0       0x98 build/default/debug/main.o
                0x0000000000000fb0                main

.text.stopwatchHandler
                0x0000000000001048       0x88
 .text.stopwatchHandler
                0x0000000000001048       0x88 build/default/debug/modes.o
                0x0000000000001048                stopwatchHandler

.text.__vector_5
                0x00000000000010d0       0x7c
 .text.__vector_5
                0x00000000000010d0       0x7c build/default/debug/timekeeping.o
                0x00000000000010d0                __vector_5

.text.handleTapperButton.isra.1
                0x000000000000114c       0x76
 .text.handleTapperButton.isra.1
                0x000000000000114c       0x76 build/default/debug/modes.o

.text.init      0x00000000000011c2       0x60
 .text.init     0x00000000000011c2       0x60 build/default/debug/main.o
                0x00000000000011c2                init

.text.tickHandler
                0x0000000000001222       0x42
 .text.tickHandler
                0x0000000000001222       0x42 build/default/debug/modes.o
                0x0000000000001222                tickHandler

.text.getTick   0x0000000000001264       0x22
 .text.getTick  0x0000000000001264       0x22 build/default/debug/timekeeping.o
                0x0000000000001264                getTick

.text.__vector_3
                0x0000000000001286       0x18
 .text.__vector_3
                0x0000000000001286       0x18 build/default/debug/led_driver.o
                0x0000000000001286                __vector_3

.text.libgcc.mul
                0x000000000000129e       0x18
 .text.libgcc.mul
                0x000000000000129e       0x18 c:/program files/microchip/xc8/v2.50/avr/bin/../lib/gcc/avr/5.4.0/avr4\libgcc.a(_umulhisi3.o)
                0x000000000000129e                __umulhisi3

.text.libgcc    0x00000000000012b6       0x18
 .text.libgcc   0x00000000000012b6       0x18 c:/program files/microchip/xc8/v2.50/avr/bin/../lib/gcc/avr/5.4.0/avr4\libgcc.a(_adddi3_s8.o)
                0x00000000000012b6                __adddi3_s8

.text.libgcc    0x00000000000012ce       0x18
 .text.libgcc   0x00000000000012ce       0x18 c:/program files/microchip/xc8/v2.50/avr/bin/../lib/gcc/avr/5.4.0/avr4\libgcc.a(_cmpdi2_s8.o)
                0x00000000000012ce                __cmpdi2_s8

.text.libgcc    0x00000000000012e6       0x12
 .text.libgcc   0x00000000000012e6       0x12 c:/program files/microchip/xc8/v2.50/avr/bin/../lib/gcc/avr/5.4.0/avr4\libgcc.a(_adddi3.o)
                0x00000000000012e6                __adddi3

.text.libgcc    0x00000000000012f8       0x12
 .text.libgcc   0x00000000000012f8       0x12 c:/program files/microchip/xc8/v2.50/avr/bin/../lib/gcc/avr/5.4.0/avr4\libgcc.a(_subdi3.o)
                0x00000000000012f8                __subdi3

.text.strcpy    0x000000000000130a       0x10
 .text.strcpy   0x000000000000130a       0x10 c:/program files/microchip/xc8/v2.50/avr/bin/../lib/gcc/avr/5.4.0/../../../../avr/lib/avr4\libc.a(strcpy.o)
                0x000000000000130a                strcpy

.text.exit      0x000000000000131a        0xe
 .text.exit     0x000000000000131a        0xe c:/program files/microchip/xc8/v2.50/avr/bin/../lib/gcc/avr/5.4.0/../../../../avr/lib/avr4\libc.a(exit.o)
                0x000000000000131a                exit

.text.displayDigits
                0x0000000000001328        0x8
 .text.displayDigits
                0x0000000000001328        0x8 build/default/debug/led_driver.o
                0x0000000000001328                displayDigits

.text           0x0000000000001330        0x2
 .text          0x0000000000001330        0x2 C:/Program Files/Microchip/MPLABX/v6.20/packs/Microchip/ATmega_DFP/3.1.264/xc8/avr/lib/avr4/crtatmega8.o
                0x0000000000001330                __vector_1
                0x0000000000001330                __vector_12
                0x0000000000001330                __bad_interrupt
                0x0000000000001330                __vector_6
                0x0000000000001330                __vector_11
                0x0000000000001330                __vector_13
                0x0000000000001330                __vector_17
                0x0000000000001330                __vector_7
                0x0000000000001330                __vector_4
                0x0000000000001330                __vector_9
                0x0000000000001330                __vector_2
                0x0000000000001330                __vector_15
                0x0000000000001330                __vector_8
                0x0000000000001330                __vector_14
                0x0000000000001330                __vector_10
                0x0000000000001330                __vector_16
                0x0000000000001330                __vector_18

.text.__dummy_fini
                0x0000000000001332        0x2
 .text.__dummy_fini
                0x0000000000001332        0x2 c:/program files/microchip/xc8/v2.50/avr/bin/../lib/gcc/avr/5.4.0/../../../../avr/lib/avr4\libc.a(exit.o)
                0x0000000000001332                _fini

.text.__dummy_funcs_on_exit
                0x0000000000001334        0x2
 .text.__dummy_funcs_on_exit
                0x0000000000001334        0x2 c:/program files/microchip/xc8/v2.50/avr/bin/../lib/gcc/avr/5.4.0/../../../../avr/lib/avr4\libc.a(exit.o)
                0x0000000000001334                __funcs_on_exit

.text.__dummy_simulator_exit
                0x0000000000001336        0x2
 .text.__dummy_simulator_exit
                0x0000000000001336        0x2 c:/program files/microchip/xc8/v2.50/avr/bin/../lib/gcc/avr/5.4.0/../../../../avr/lib/avr4\libc.a(exit.o)
                0x0000000000001336                __simulator_exit

.text._Exit     0x0000000000001338        0x2
 .text._Exit    0x0000000000001338        0x2 c:/program files/microchip/xc8/v2.50/avr/bin/../lib/gcc/avr/5.4.0/../../../../avr/lib/avr4\libc.a(_Exit.o)
                0x0000000000001338                _Exit

.data.Handlers  0x00000000008000c0        0xc load address 0x000000000000133a
 .data.Handlers
                0x00000000008000c0        0xc build/default/debug/modes.o
                0x00000000008000c0                Handlers

.data.SW        0x00000000008000cc        0xa load address 0x0000000000001346
 .data.SW       0x00000000008000cc        0xa build/default/debug/pin.o
                0x00000000008000cc                SW

.data.CharacterCathodes
                0x00000000008000d6        0x8 load address 0x0000000000001350
 .data.CharacterCathodes
                0x00000000008000d6        0x8 build/default/debug/led_driver.o
                0x00000000008000d6                CharacterCathodes

.data.SW5       0x0000000000800106        0x7 load address 0x0000000000001358
 .data.SW5      0x0000000000800106        0x7 build/default/debug/pin.o
                0x0000000000800106                SW5

.data.SW4       0x000000000080010d        0x7 load address 0x000000000000135f
 .data.SW4      0x000000000080010d        0x7 build/default/debug/pin.o
                0x000000000080010d                SW4

.data.SW3       0x0000000000800114        0x7 load address 0x0000000000001366
 .data.SW3      0x0000000000800114        0x7 build/default/debug/pin.o
                0x0000000000800114                SW3

.data.SW2       0x000000000080011b        0x7 load address 0x000000000000136d
 .data.SW2      0x000000000080011b        0x7 build/default/debug/pin.o
                0x000000000080011b                SW2

.data.SW1       0x0000000000800122        0x7 load address 0x0000000000001374
 .data.SW1      0x0000000000800122        0x7 build/default/debug/pin.o
                0x0000000000800122                SW1

.data.ADP       0x0000000000800129        0x7 load address 0x000000000000137b
 .data.ADP      0x0000000000800129        0x7 build/default/debug/pin.o
                0x0000000000800129                ADP

.data.AG        0x0000000000800130        0x7 load address 0x0000000000001382
 .data.AG       0x0000000000800130        0x7 build/default/debug/pin.o
                0x0000000000800130                AG

.data.AF        0x0000000000800137        0x7 load address 0x0000000000001389
 .data.AF       0x0000000000800137        0x7 build/default/debug/pin.o
                0x0000000000800137                AF

.data.AE        0x000000000080013e        0x7 load address 0x0000000000001390
 .data.AE       0x000000000080013e        0x7 build/default/debug/pin.o
                0x000000000080013e                AE

.data.AD        0x0000000000800145        0x7 load address 0x0000000000001397
 .data.AD       0x0000000000800145        0x7 build/default/debug/pin.o
                0x0000000000800145                AD

.data.AC        0x000000000080014c        0x7 load address 0x000000000000139e
 .data.AC       0x000000000080014c        0x7 build/default/debug/pin.o
                0x000000000080014c                AC

.data.AB        0x0000000000800153        0x7 load address 0x00000000000013a5
 .data.AB       0x0000000000800153        0x7 build/default/debug/pin.o
                0x0000000000800153                AB

.data.AAL123    0x000000000080015a        0x7 load address 0x00000000000013ac
 .data.AAL123   0x000000000080015a        0x7 build/default/debug/pin.o
                0x000000000080015a                AAL123

.data.CCL3      0x0000000000800161        0x7 load address 0x00000000000013b3
 .data.CCL3     0x0000000000800161        0x7 build/default/debug/pin.o
                0x0000000000800161                CCL3

.data.CCL12     0x0000000000800168        0x7 load address 0x00000000000013ba
 .data.CCL12    0x0000000000800168        0x7 build/default/debug/pin.o
                0x0000000000800168                CCL12

.data.CCD4      0x000000000080016f        0x7 load address 0x00000000000013c1
 .data.CCD4     0x000000000080016f        0x7 build/default/debug/pin.o
                0x000000000080016f                CCD4

.data.CCD3      0x0000000000800176        0x7 load address 0x00000000000013c8
 .data.CCD3     0x0000000000800176        0x7 build/default/debug/pin.o
                0x0000000000800176                CCD3

.data.CCD2      0x000000000080017d        0x7 load address 0x00000000000013cf
 .data.CCD2     0x000000000080017d        0x7 build/default/debug/pin.o
                0x000000000080017d                CCD2

.data.CCD1      0x0000000000800184        0x7 load address 0x00000000000013d6
 .data.CCD1     0x0000000000800184        0x7 build/default/debug/pin.o
                0x0000000000800184                CCD1

.data.StringDisplayed
                0x000000000080018b        0x5 load address 0x00000000000013dd
 .data.StringDisplayed
                0x000000000080018b        0x5 build/default/debug/led_driver.o
                0x000000000080018b                StringDisplayed

.rodata         0x0000000000800190        0x5 load address 0x00000000000013e2
 .rodata        0x0000000000800190        0x5 build/default/debug/modes.o

.data.Char9     0x00000000008001b0        0x1 load address 0x00000000000013e7
 .data.Char9    0x00000000008001b0        0x1 build/default/debug/led_driver.o
                0x00000000008001b0                Char9

.data.Char8     0x00000000008001b1        0x1 load address 0x00000000000013e8
 .data.Char8    0x00000000008001b1        0x1 build/default/debug/led_driver.o
                0x00000000008001b1                Char8

.data.Char7     0x00000000008001b2        0x1 load address 0x00000000000013e9
 .data.Char7    0x00000000008001b2        0x1 build/default/debug/led_driver.o
                0x00000000008001b2                Char7

.data.Char6     0x00000000008001b3        0x1 load address 0x00000000000013ea
 .data.Char6    0x00000000008001b3        0x1 build/default/debug/led_driver.o
                0x00000000008001b3                Char6

.data.Char5     0x00000000008001b4        0x1 load address 0x00000000000013eb
 .data.Char5    0x00000000008001b4        0x1 build/default/debug/led_driver.o
                0x00000000008001b4                Char5

.data.Char4     0x00000000008001b5        0x1 load address 0x00000000000013ec
 .data.Char4    0x00000000008001b5        0x1 build/default/debug/led_driver.o
                0x00000000008001b5                Char4

.data.Char3     0x00000000008001b6        0x1 load address 0x00000000000013ed
 .data.Char3    0x00000000008001b6        0x1 build/default/debug/led_driver.o
                0x00000000008001b6                Char3

.data.Char2     0x00000000008001b7        0x1 load address 0x00000000000013ee
 .data.Char2    0x00000000008001b7        0x1 build/default/debug/led_driver.o
                0x00000000008001b7                Char2

.data.Char1     0x00000000008001b8        0x1 load address 0x00000000000013ef
 .data.Char1    0x00000000008001b8        0x1 build/default/debug/led_driver.o
                0x00000000008001b8                Char1

.data.Char0     0x00000000008001b9        0x1 load address 0x00000000000013f0
 .data.Char0    0x00000000008001b9        0x1 build/default/debug/led_driver.o
                0x00000000008001b9                Char0

.data.CharL     0x00000000008001ba        0x1 load address 0x00000000000013f1
 .data.CharL    0x00000000008001ba        0x1 build/default/debug/led_driver.o
                0x00000000008001ba                CharL

.data.CharH     0x00000000008001bb        0x1 load address 0x00000000000013f2
 .data.CharH    0x00000000008001bb        0x1 build/default/debug/led_driver.o
                0x00000000008001bb                CharH

.data.CharF     0x00000000008001bc        0x1 load address 0x00000000000013f3
 .data.CharF    0x00000000008001bc        0x1 build/default/debug/led_driver.o
                0x00000000008001bc                CharF

.data.CharC     0x00000000008001bd        0x1 load address 0x00000000000013f4
 .data.CharC    0x00000000008001bd        0x1 build/default/debug/led_driver.o
                0x00000000008001bd                CharC

.data.Charb     0x00000000008001be        0x1 load address 0x00000000000013f5
 .data.Charb    0x00000000008001be        0x1 build/default/debug/led_driver.o
                0x00000000008001be                Charb

.data.CharA     0x00000000008001bf        0x1 load address 0x00000000000013f6
 .data.CharA    0x00000000008001bf        0x1 build/default/debug/led_driver.o
                0x00000000008001bf                CharA

.data.last_button.2113
                0x00000000008001c3        0x1 load address 0x00000000000013f7
 .data.last_button.2113
                0x00000000008001c3        0x1 build/default/debug/modes.o

.data.last_switch.2062
                0x00000000008001c5        0x1 load address 0x00000000000013f8
 .data.last_switch.2062
                0x00000000008001c5        0x1 build/default/debug/modes.o
