Archive member included to satisfy reference by file (symbol)

c:/program files/microchip/xc8/v2.50/avr/bin/../lib/gcc/avr/5.4.0/avr4\libgcc.a(_copy_data.o)
                              build/simulator/debug/pin.o (__do_copy_data)
c:/program files/microchip/xc8/v2.50/avr/bin/../lib/gcc/avr/5.4.0/avr4\libgcc.a(_umulhisi3.o)
                              build/simulator/debug/modes.o (__umulhisi3)
c:/program files/microchip/xc8/v2.50/avr/bin/../lib/gcc/avr/5.4.0/avr4\libgcc.a(_adddi3.o)
                              build/simulator/debug/modes.o (__adddi3)
c:/program files/microchip/xc8/v2.50/avr/bin/../lib/gcc/avr/5.4.0/avr4\libgcc.a(_adddi3_s8.o)
                              build/simulator/debug/timekeeping.o (__adddi3_s8)
c:/program files/microchip/xc8/v2.50/avr/bin/../lib/gcc/avr/5.4.0/avr4\libgcc.a(_subdi3.o)
                              build/simulator/debug/pin.o (__subdi3)
c:/program files/microchip/xc8/v2.50/avr/bin/../lib/gcc/avr/5.4.0/avr4\libgcc.a(_cmpdi2_s8.o)
                              build/simulator/debug/pin.o (__cmpdi2_s8)
c:/program files/microchip/xc8/v2.50/avr/bin/../lib/gcc/avr/5.4.0/../../../../avr/lib/avr4\libc.a(exit.o)
                              C:/Program Files/Microchip/MPLABX/v6.20/packs/Microchip/ATmega_DFP/3.1.264/xc8/avr/lib/avr4/crtatmega8.o (exit)
c:/program files/microchip/xc8/v2.50/avr/bin/../lib/gcc/avr/5.4.0/../../../../avr/lib/avr4\libc.a(strcpy.o)
                              build/simulator/debug/led_driver.o (strcpy)
c:/program files/microchip/xc8/v2.50/avr/bin/../lib/gcc/avr/5.4.0/../../../../avr/lib/avr4\libc.a(_Exit.o)
                              c:/program files/microchip/xc8/v2.50/avr/bin/../lib/gcc/avr/5.4.0/../../../../avr/lib/avr4\libc.a(exit.o) (_Exit)
c:/program files/microchip/xc8/v2.50/avr/bin/../lib/gcc/avr/5.4.0/avr4\libgcc.a(_exit.o)
                              c:/program files/microchip/xc8/v2.50/avr/bin/../lib/gcc/avr/5.4.0/../../../../avr/lib/avr4\libc.a(_Exit.o) (_exit)

Discarded input sections

 .data          0x0000000000000000        0x0 C:/Program Files/Microchip/MPLABX/v6.20/packs/Microchip/ATmega_DFP/3.1.264/xc8/avr/lib/avr4/crtatmega8.o
 .bss           0x0000000000000000        0x0 C:/Program Files/Microchip/MPLABX/v6.20/packs/Microchip/ATmega_DFP/3.1.264/xc8/avr/lib/avr4/crtatmega8.o
 .text          0x0000000000000000        0x0 build/simulator/debug/main.o
 .data          0x0000000000000000        0x0 build/simulator/debug/main.o
 .bss           0x0000000000000000        0x0 build/simulator/debug/main.o
 .text          0x0000000000000000        0x0 build/simulator/debug/pin.o
 .data          0x0000000000000000        0x0 build/simulator/debug/pin.o
 .bss           0x0000000000000000        0x0 build/simulator/debug/pin.o
 .text.readGpioBlocking
                0x0000000000000000       0x5e build/simulator/debug/pin.o
 .text          0x0000000000000000        0x0 build/simulator/debug/led_driver.o
 .data          0x0000000000000000        0x0 build/simulator/debug/led_driver.o
 .bss           0x0000000000000000        0x0 build/simulator/debug/led_driver.o
 .data.Charn    0x0000000000000000        0x1 build/simulator/debug/led_driver.o
 .data.CharE    0x0000000000000000        0x1 build/simulator/debug/led_driver.o
 .avr.prop      0x0000000000000000       0x16 build/simulator/debug/led_driver.o
 .text          0x0000000000000000        0x0 build/simulator/debug/modes.o
 .data          0x0000000000000000        0x0 build/simulator/debug/modes.o
 .bss           0x0000000000000000        0x0 build/simulator/debug/modes.o
 .text          0x0000000000000000        0x0 build/simulator/debug/timekeeping.o
 .data          0x0000000000000000        0x0 build/simulator/debug/timekeeping.o
 .bss           0x0000000000000000        0x0 build/simulator/debug/timekeeping.o
 .text          0x0000000000000000        0x0 c:/program files/microchip/xc8/v2.50/avr/bin/../lib/gcc/avr/5.4.0/avr4\libgcc.a(_copy_data.o)
 .data          0x0000000000000000        0x0 c:/program files/microchip/xc8/v2.50/avr/bin/../lib/gcc/avr/5.4.0/avr4\libgcc.a(_copy_data.o)
 .bss           0x0000000000000000        0x0 c:/program files/microchip/xc8/v2.50/avr/bin/../lib/gcc/avr/5.4.0/avr4\libgcc.a(_copy_data.o)
 .text.libgcc.mul
                0x0000000000000000        0x0 c:/program files/microchip/xc8/v2.50/avr/bin/../lib/gcc/avr/5.4.0/avr4\libgcc.a(_copy_data.o)
 .text.libgcc.div
                0x0000000000000000        0x0 c:/program files/microchip/xc8/v2.50/avr/bin/../lib/gcc/avr/5.4.0/avr4\libgcc.a(_copy_data.o)
 .text.libgcc   0x0000000000000000        0x0 c:/program files/microchip/xc8/v2.50/avr/bin/../lib/gcc/avr/5.4.0/avr4\libgcc.a(_copy_data.o)
 .text.libgcc.prologue
                0x0000000000000000        0x0 c:/program files/microchip/xc8/v2.50/avr/bin/../lib/gcc/avr/5.4.0/avr4\libgcc.a(_copy_data.o)
 .text.libgcc.builtins
                0x0000000000000000        0x0 c:/program files/microchip/xc8/v2.50/avr/bin/../lib/gcc/avr/5.4.0/avr4\libgcc.a(_copy_data.o)
 .text.libgcc.fmul
                0x0000000000000000        0x0 c:/program files/microchip/xc8/v2.50/avr/bin/../lib/gcc/avr/5.4.0/avr4\libgcc.a(_copy_data.o)
 .text.libgcc.fixed
                0x0000000000000000        0x0 c:/program files/microchip/xc8/v2.50/avr/bin/../lib/gcc/avr/5.4.0/avr4\libgcc.a(_copy_data.o)
 .text          0x0000000000000000        0x0 c:/program files/microchip/xc8/v2.50/avr/bin/../lib/gcc/avr/5.4.0/avr4\libgcc.a(_umulhisi3.o)
 .data          0x0000000000000000        0x0 c:/program files/microchip/xc8/v2.50/avr/bin/../lib/gcc/avr/5.4.0/avr4\libgcc.a(_umulhisi3.o)
 .bss           0x0000000000000000        0x0 c:/program files/microchip/xc8/v2.50/avr/bin/../lib/gcc/avr/5.4.0/avr4\libgcc.a(_umulhisi3.o)
 .stack.descriptors
                0x0000000000000000       0x19 c:/program files/microchip/xc8/v2.50/avr/bin/../lib/gcc/avr/5.4.0/avr4\libgcc.a(_umulhisi3.o)
 .text.libgcc.div
                0x0000000000000000        0x0 c:/program files/microchip/xc8/v2.50/avr/bin/../lib/gcc/avr/5.4.0/avr4\libgcc.a(_umulhisi3.o)
 .text.libgcc   0x0000000000000000        0x0 c:/program files/microchip/xc8/v2.50/avr/bin/../lib/gcc/avr/5.4.0/avr4\libgcc.a(_umulhisi3.o)
 .text.libgcc.prologue
                0x0000000000000000        0x0 c:/program files/microchip/xc8/v2.50/avr/bin/../lib/gcc/avr/5.4.0/avr4\libgcc.a(_umulhisi3.o)
 .text.libgcc.builtins
                0x0000000000000000        0x0 c:/program files/microchip/xc8/v2.50/avr/bin/../lib/gcc/avr/5.4.0/avr4\libgcc.a(_umulhisi3.o)
 .text.libgcc.fmul
                0x0000000000000000        0x0 c:/program files/microchip/xc8/v2.50/avr/bin/../lib/gcc/avr/5.4.0/avr4\libgcc.a(_umulhisi3.o)
 .text.libgcc.fixed
                0x0000000000000000        0x0 c:/program files/microchip/xc8/v2.50/avr/bin/../lib/gcc/avr/5.4.0/avr4\libgcc.a(_umulhisi3.o)
 .text          0x0000000000000000        0x0 c:/program files/microchip/xc8/v2.50/avr/bin/../lib/gcc/avr/5.4.0/avr4\libgcc.a(_adddi3.o)
 .data          0x0000000000000000        0x0 c:/program files/microchip/xc8/v2.50/avr/bin/../lib/gcc/avr/5.4.0/avr4\libgcc.a(_adddi3.o)
 .bss           0x0000000000000000        0x0 c:/program files/microchip/xc8/v2.50/avr/bin/../lib/gcc/avr/5.4.0/avr4\libgcc.a(_adddi3.o)
 .text.libgcc.mul
                0x0000000000000000        0x0 c:/program files/microchip/xc8/v2.50/avr/bin/../lib/gcc/avr/5.4.0/avr4\libgcc.a(_adddi3.o)
 .text.libgcc.div
                0x0000000000000000        0x0 c:/program files/microchip/xc8/v2.50/avr/bin/../lib/gcc/avr/5.4.0/avr4\libgcc.a(_adddi3.o)
 .stack.descriptors
                0x0000000000000000       0x16 c:/program files/microchip/xc8/v2.50/avr/bin/../lib/gcc/avr/5.4.0/avr4\libgcc.a(_adddi3.o)
 .text.libgcc.prologue
                0x0000000000000000        0x0 c:/program files/microchip/xc8/v2.50/avr/bin/../lib/gcc/avr/5.4.0/avr4\libgcc.a(_adddi3.o)
 .text.libgcc.builtins
                0x0000000000000000        0x0 c:/program files/microchip/xc8/v2.50/avr/bin/../lib/gcc/avr/5.4.0/avr4\libgcc.a(_adddi3.o)
 .text.libgcc.fmul
                0x0000000000000000        0x0 c:/program files/microchip/xc8/v2.50/avr/bin/../lib/gcc/avr/5.4.0/avr4\libgcc.a(_adddi3.o)
 .text.libgcc.fixed
                0x0000000000000000        0x0 c:/program files/microchip/xc8/v2.50/avr/bin/../lib/gcc/avr/5.4.0/avr4\libgcc.a(_adddi3.o)
 .text          0x0000000000000000        0x0 c:/program files/microchip/xc8/v2.50/avr/bin/../lib/gcc/avr/5.4.0/avr4\libgcc.a(_adddi3_s8.o)
 .data          0x0000000000000000        0x0 c:/program files/microchip/xc8/v2.50/avr/bin/../lib/gcc/avr/5.4.0/avr4\libgcc.a(_adddi3_s8.o)
 .bss           0x0000000000000000        0x0 c:/program files/microchip/xc8/v2.50/avr/bin/../lib/gcc/avr/5.4.0/avr4\libgcc.a(_adddi3_s8.o)
 .text.libgcc.mul
                0x0000000000000000        0x0 c:/program files/microchip/xc8/v2.50/avr/bin/../lib/gcc/avr/5.4.0/avr4\libgcc.a(_adddi3_s8.o)
 .text.libgcc.div
                0x0000000000000000        0x0 c:/program files/microchip/xc8/v2.50/avr/bin/../lib/gcc/avr/5.4.0/avr4\libgcc.a(_adddi3_s8.o)
 .stack.descriptors
                0x0000000000000000       0x19 c:/program files/microchip/xc8/v2.50/avr/bin/../lib/gcc/avr/5.4.0/avr4\libgcc.a(_adddi3_s8.o)
 .text.libgcc.prologue
                0x0000000000000000        0x0 c:/program files/microchip/xc8/v2.50/avr/bin/../lib/gcc/avr/5.4.0/avr4\libgcc.a(_adddi3_s8.o)
 .text.libgcc.builtins
                0x0000000000000000        0x0 c:/program files/microchip/xc8/v2.50/avr/bin/../lib/gcc/avr/5.4.0/avr4\libgcc.a(_adddi3_s8.o)
 .text.libgcc.fmul
                0x0000000000000000        0x0 c:/program files/microchip/xc8/v2.50/avr/bin/../lib/gcc/avr/5.4.0/avr4\libgcc.a(_adddi3_s8.o)
 .text.libgcc.fixed
                0x0000000000000000        0x0 c:/program files/microchip/xc8/v2.50/avr/bin/../lib/gcc/avr/5.4.0/avr4\libgcc.a(_adddi3_s8.o)
 .text          0x0000000000000000        0x0 c:/program files/microchip/xc8/v2.50/avr/bin/../lib/gcc/avr/5.4.0/avr4\libgcc.a(_subdi3.o)
 .data          0x0000000000000000        0x0 c:/program files/microchip/xc8/v2.50/avr/bin/../lib/gcc/avr/5.4.0/avr4\libgcc.a(_subdi3.o)
 .bss           0x0000000000000000        0x0 c:/program files/microchip/xc8/v2.50/avr/bin/../lib/gcc/avr/5.4.0/avr4\libgcc.a(_subdi3.o)
 .text.libgcc.mul
                0x0000000000000000        0x0 c:/program files/microchip/xc8/v2.50/avr/bin/../lib/gcc/avr/5.4.0/avr4\libgcc.a(_subdi3.o)
 .text.libgcc.div
                0x0000000000000000        0x0 c:/program files/microchip/xc8/v2.50/avr/bin/../lib/gcc/avr/5.4.0/avr4\libgcc.a(_subdi3.o)
 .stack.descriptors
                0x0000000000000000       0x16 c:/program files/microchip/xc8/v2.50/avr/bin/../lib/gcc/avr/5.4.0/avr4\libgcc.a(_subdi3.o)
 .text.libgcc.prologue
                0x0000000000000000        0x0 c:/program files/microchip/xc8/v2.50/avr/bin/../lib/gcc/avr/5.4.0/avr4\libgcc.a(_subdi3.o)
 .text.libgcc.builtins
                0x0000000000000000        0x0 c:/program files/microchip/xc8/v2.50/avr/bin/../lib/gcc/avr/5.4.0/avr4\libgcc.a(_subdi3.o)
 .text.libgcc.fmul
                0x0000000000000000        0x0 c:/program files/microchip/xc8/v2.50/avr/bin/../lib/gcc/avr/5.4.0/avr4\libgcc.a(_subdi3.o)
 .text.libgcc.fixed
                0x0000000000000000        0x0 c:/program files/microchip/xc8/v2.50/avr/bin/../lib/gcc/avr/5.4.0/avr4\libgcc.a(_subdi3.o)
 .text          0x0000000000000000        0x0 c:/program files/microchip/xc8/v2.50/avr/bin/../lib/gcc/avr/5.4.0/avr4\libgcc.a(_cmpdi2_s8.o)
 .data          0x0000000000000000        0x0 c:/program files/microchip/xc8/v2.50/avr/bin/../lib/gcc/avr/5.4.0/avr4\libgcc.a(_cmpdi2_s8.o)
 .bss           0x0000000000000000        0x0 c:/program files/microchip/xc8/v2.50/avr/bin/../lib/gcc/avr/5.4.0/avr4\libgcc.a(_cmpdi2_s8.o)
 .text.libgcc.mul
                0x0000000000000000        0x0 c:/program files/microchip/xc8/v2.50/avr/bin/../lib/gcc/avr/5.4.0/avr4\libgcc.a(_cmpdi2_s8.o)
 .text.libgcc.div
                0x0000000000000000        0x0 c:/program files/microchip/xc8/v2.50/avr/bin/../lib/gcc/avr/5.4.0/avr4\libgcc.a(_cmpdi2_s8.o)
 .stack.descriptors
                0x0000000000000000       0x19 c:/program files/microchip/xc8/v2.50/avr/bin/../lib/gcc/avr/5.4.0/avr4\libgcc.a(_cmpdi2_s8.o)
 .text.libgcc.prologue
                0x0000000000000000        0x0 c:/program files/microchip/xc8/v2.50/avr/bin/../lib/gcc/avr/5.4.0/avr4\libgcc.a(_cmpdi2_s8.o)
 .text.libgcc.builtins
                0x0000000000000000        0x0 c:/program files/microchip/xc8/v2.50/avr/bin/../lib/gcc/avr/5.4.0/avr4\libgcc.a(_cmpdi2_s8.o)
 .text.libgcc.fmul
                0x0000000000000000        0x0 c:/program files/microchip/xc8/v2.50/avr/bin/../lib/gcc/avr/5.4.0/avr4\libgcc.a(_cmpdi2_s8.o)
 .text.libgcc.fixed
                0x0000000000000000        0x0 c:/program files/microchip/xc8/v2.50/avr/bin/../lib/gcc/avr/5.4.0/avr4\libgcc.a(_cmpdi2_s8.o)
 .text          0x0000000000000000        0x0 c:/program files/microchip/xc8/v2.50/avr/bin/../lib/gcc/avr/5.4.0/../../../../avr/lib/avr4\libc.a(exit.o)
 .data          0x0000000000000000        0x0 c:/program files/microchip/xc8/v2.50/avr/bin/../lib/gcc/avr/5.4.0/../../../../avr/lib/avr4\libc.a(exit.o)
 .bss           0x0000000000000000        0x0 c:/program files/microchip/xc8/v2.50/avr/bin/../lib/gcc/avr/5.4.0/../../../../avr/lib/avr4\libc.a(exit.o)
 .stack.descriptors
                0x0000000000000000       0x73 c:/program files/microchip/xc8/v2.50/avr/bin/../lib/gcc/avr/5.4.0/../../../../avr/lib/avr4\libc.a(exit.o)
 .text          0x0000000000000000        0x0 c:/program files/microchip/xc8/v2.50/avr/bin/../lib/gcc/avr/5.4.0/../../../../avr/lib/avr4\libc.a(strcpy.o)
 .data          0x0000000000000000        0x0 c:/program files/microchip/xc8/v2.50/avr/bin/../lib/gcc/avr/5.4.0/../../../../avr/lib/avr4\libc.a(strcpy.o)
 .bss           0x0000000000000000        0x0 c:/program files/microchip/xc8/v2.50/avr/bin/../lib/gcc/avr/5.4.0/../../../../avr/lib/avr4\libc.a(strcpy.o)
 .stack.descriptors
                0x0000000000000000       0x14 c:/program files/microchip/xc8/v2.50/avr/bin/../lib/gcc/avr/5.4.0/../../../../avr/lib/avr4\libc.a(strcpy.o)
 .text          0x0000000000000000        0x0 c:/program files/microchip/xc8/v2.50/avr/bin/../lib/gcc/avr/5.4.0/../../../../avr/lib/avr4\libc.a(_Exit.o)
 .data          0x0000000000000000        0x0 c:/program files/microchip/xc8/v2.50/avr/bin/../lib/gcc/avr/5.4.0/../../../../avr/lib/avr4\libc.a(_Exit.o)
 .bss           0x0000000000000000        0x0 c:/program files/microchip/xc8/v2.50/avr/bin/../lib/gcc/avr/5.4.0/../../../../avr/lib/avr4\libc.a(_Exit.o)
 .stack.descriptors
                0x0000000000000000       0x13 c:/program files/microchip/xc8/v2.50/avr/bin/../lib/gcc/avr/5.4.0/../../../../avr/lib/avr4\libc.a(_Exit.o)
 .text          0x0000000000000000        0x0 c:/program files/microchip/xc8/v2.50/avr/bin/../lib/gcc/avr/5.4.0/avr4\libgcc.a(_exit.o)
 .data          0x0000000000000000        0x0 c:/program files/microchip/xc8/v2.50/avr/bin/../lib/gcc/avr/5.4.0/avr4\libgcc.a(_exit.o)
 .bss           0x0000000000000000        0x0 c:/program files/microchip/xc8/v2.50/avr/bin/../lib/gcc/avr/5.4.0/avr4\libgcc.a(_exit.o)
 .text.libgcc.mul
                0x0000000000000000        0x0 c:/program files/microchip/xc8/v2.50/avr/bin/../lib/gcc/avr/5.4.0/avr4\libgcc.a(_exit.o)
 .text.libgcc.div
                0x0000000000000000        0x0 c:/program files/microchip/xc8/v2.50/avr/bin/../lib/gcc/avr/5.4.0/avr4\libgcc.a(_exit.o)
 .text.libgcc   0x0000000000000000        0x0 c:/program files/microchip/xc8/v2.50/avr/bin/../lib/gcc/avr/5.4.0/avr4\libgcc.a(_exit.o)
 .text.libgcc.prologue
                0x0000000000000000        0x0 c:/program files/microchip/xc8/v2.50/avr/bin/../lib/gcc/avr/5.4.0/avr4\libgcc.a(_exit.o)
 .stack.descriptors
                0x0000000000000000       0x13 c:/program files/microchip/xc8/v2.50/avr/bin/../lib/gcc/avr/5.4.0/avr4\libgcc.a(_exit.o)
 .text.libgcc.builtins
                0x0000000000000000        0x0 c:/program files/microchip/xc8/v2.50/avr/bin/../lib/gcc/avr/5.4.0/avr4\libgcc.a(_exit.o)
 .text.libgcc.fmul
                0x0000000000000000        0x0 c:/program files/microchip/xc8/v2.50/avr/bin/../lib/gcc/avr/5.4.0/avr4\libgcc.a(_exit.o)
 .text.libgcc.fixed
                0x0000000000000000        0x0 c:/program files/microchip/xc8/v2.50/avr/bin/../lib/gcc/avr/5.4.0/avr4\libgcc.a(_exit.o)

Memory Configuration

Name             Origin             Length             Attributes
text             0x0000000000000000 0x0000000000002000 xr
data             0x0000000000800060 0x0000000000000400 rw !x
eeprom           0x0000000000810000 0x0000000000000200 rw !x
fuse             0x0000000000820000 0x0000000000000002 rw !x
lock             0x0000000000830000 0x0000000000000400 rw !x
signature        0x0000000000840000 0x0000000000000400 rw !x
user_signatures  0x0000000000850000 0x0000000000000400 rw !x
bootrow          0x0000000000860000 0x0000000000000400 rw !x
*default*        0x0000000000000000 0xffffffffffffffff

Linker script and memory map

LOAD C:/Program Files/Microchip/MPLABX/v6.20/packs/Microchip/ATmega_DFP/3.1.264/xc8/avr/lib/avr4/crtatmega8.o
                0x0000000000000001                __MPLAB_BUILD = 0x1
LOAD build/simulator/debug/main.o
LOAD build/simulator/debug/pin.o
LOAD build/simulator/debug/led_driver.o
LOAD build/simulator/debug/modes.o
LOAD build/simulator/debug/timekeeping.o
START GROUP
LOAD c:/program files/microchip/xc8/v2.50/avr/bin/../lib/gcc/avr/5.4.0/../../../../avr/lib/avr4\libm.a
END GROUP
                0x0000000000000001                __MPLAB_DEBUG = 0x1
                0x0000000000000001                __DEBUG = 0x1
                0x0000000000000001                __MPLAB_DEBUGGER_SIMULATOR = 0x1
START GROUP
LOAD c:/program files/microchip/xc8/v2.50/avr/bin/../lib/gcc/avr/5.4.0/avr4\libgcc.a
LOAD c:/program files/microchip/xc8/v2.50/avr/bin/../lib/gcc/avr/5.4.0/../../../../avr/lib/avr4\libm.a
LOAD c:/program files/microchip/xc8/v2.50/avr/bin/../lib/gcc/avr/5.4.0/../../../../avr/lib/avr4\libc.a
LOAD C:/Program Files/Microchip/MPLABX/v6.20/packs/Microchip/ATmega_DFP/3.1.264/xc8/avr/lib/avr4\libatmega8.a
END GROUP
                0x0000000000000000                __TEXT_REGION_ORIGIN__ = DEFINED (__TEXT_REGION_ORIGIN__)?__TEXT_REGION_ORIGIN__:0x0
                [0x0000000000800060]                __DATA_REGION_ORIGIN__ = DEFINED (__DATA_REGION_ORIGIN__)?__DATA_REGION_ORIGIN__:0x800060
                [0x0000000000002000]                __TEXT_REGION_LENGTH__ = DEFINED (__TEXT_REGION_LENGTH__)?__TEXT_REGION_LENGTH__:0x2000
                [0x0000000000000400]                __DATA_REGION_LENGTH__ = DEFINED (__DATA_REGION_LENGTH__)?__DATA_REGION_LENGTH__:0xffa0
                [0x0000000000000200]                __EEPROM_REGION_LENGTH__ = DEFINED (__EEPROM_REGION_LENGTH__)?__EEPROM_REGION_LENGTH__:0x10000
                [0x0000000000000002]                __FUSE_REGION_LENGTH__ = DEFINED (__FUSE_REGION_LENGTH__)?__FUSE_REGION_LENGTH__:0x400
                0x0000000000000400                __LOCK_REGION_LENGTH__ = DEFINED (__LOCK_REGION_LENGTH__)?__LOCK_REGION_LENGTH__:0x400
                0x0000000000000400                __SIGNATURE_REGION_LENGTH__ = DEFINED (__SIGNATURE_REGION_LENGTH__)?__SIGNATURE_REGION_LENGTH__:0x400
                0x0000000000000400                __USER_SIGNATURE_REGION_LENGTH__ = DEFINED (__USER_SIGNATURE_REGION_LENGTH__)?__USER_SIGNATURE_REGION_LENGTH__:0x400
                0x0000000000000400                __BOOTROW_REGION_LENGTH__ = DEFINED (__BOOTROW_REGION_LENGTH__)?__BOOTROW_REGION_LENGTH__:0x400

.hash
 *(.hash)

.dynsym
 *(.dynsym)

.dynstr
 *(.dynstr)

.gnu.version
 *(.gnu.version)

.gnu.version_d
 *(.gnu.version_d)

.gnu.version_r
 *(.gnu.version_r)

.rel.init
 *(.rel.init)

.rela.init
 *(.rela.init)

.rel.text
 *(.rel.text)
 *(.rel.text.*)
 *(.rel.gnu.linkonce.t*)

.rela.text
 *(.rela.text)
 *(.rela.text.*)
 *(.rela.gnu.linkonce.t*)

.rel.fini
 *(.rel.fini)

.rela.fini
 *(.rela.fini)

.rel.rodata
 *(.rel.rodata)
 *(.rel.rodata.*)
 *(.rel.gnu.linkonce.r*)

.rela.rodata
 *(.rela.rodata)
 *(.rela.rodata.*)
 *(.rela.gnu.linkonce.r*)

.rel.data
 *(.rel.data)
 *(.rel.data.*)
 *(.rel.gnu.linkonce.d*)

.rela.data
 *(.rela.data)
 *(.rela.data.*)
 *(.rela.gnu.linkonce.d*)

.rel.ctors
 *(.rel.ctors)

.rela.ctors
 *(.rela.ctors)

.rel.dtors
 *(.rel.dtors)

.rela.dtors
 *(.rela.dtors)

.rel.got
 *(.rel.got)

.rela.got
 *(.rela.got)

.rel.bss
 *(.rel.bss)

.rela.bss
 *(.rela.bss)

.rel.plt
 *(.rel.plt)

.rela.plt
 *(.rela.plt)

.text           0x0000000000000000      0x10c
 *(.vectors)
 .vectors       0x0000000000000000       0x26 C:/Program Files/Microchip/MPLABX/v6.20/packs/Microchip/ATmega_DFP/3.1.264/xc8/avr/lib/avr4/crtatmega8.o
                0x0000000000000000                __vector_default
                0x0000000000000000                __vectors
 *(.vectors)
 *(.progmem.gcc*)
 .progmem.gcc_sw_table.setCharacter
                0x0000000000000026       0x66 build/simulator/debug/led_driver.o
 *(.dinit)
 .dinit         0x000000000000008c       0x30 data_init
                0x00000000000000bc                . = ALIGN (0x2)
 *fill*         0x00000000000000bc        0x0 
                0x00000000000000bc                __trampolines_start = .
 *(.trampolines)
 .trampolines   0x00000000000000bc        0x0 linker stubs
 *(.trampolines*)
                0x00000000000000bc                __trampolines_end = .
 *libprintf_flt.a:*(.progmem.data)
 *libc.a:*(.progmem.data)
                0x00000000000000bc                . = ALIGN (0x2)
 *(.jumptables)
 *(.jumptables*)
 *(.lowtext)
 *(.lowtext*)
                0x00000000000000bc                __ctors_start = .
 *(.ctors)
                0x00000000000000bc                __ctors_end = .
                0x00000000000000bc                __dtors_start = .
 *(.dtors)
                0x00000000000000bc                __dtors_end = .
 SORT(*)(.ctors)
 SORT(*)(.dtors)
 *(.init0)
 .init0         0x00000000000000bc        0x0 C:/Program Files/Microchip/MPLABX/v6.20/packs/Microchip/ATmega_DFP/3.1.264/xc8/avr/lib/avr4/crtatmega8.o
                0x00000000000000bc                __init
 *(.init0)
 *(.init1)
 *(.init1)
 *(.init2)
 .init2         0x00000000000000bc        0xc C:/Program Files/Microchip/MPLABX/v6.20/packs/Microchip/ATmega_DFP/3.1.264/xc8/avr/lib/avr4/crtatmega8.o
 *(.init2)
 *(.init3)
 *(.init3)
 *(.init4)
 .init4         0x00000000000000c8       0x3c c:/program files/microchip/xc8/v2.50/avr/bin/../lib/gcc/avr/5.4.0/avr4\libgcc.a(_copy_data.o)
                0x00000000000000c8                __do_copy_data
                0x00000000000000f6                __do_clear_bss
 *(.init4)
 *(.init5)
 *(.init5)
 *(.init6)
 *(.init6)
 *(.init7)
 *(.init7)
 *(.init8)
 *(.init8)
 *(.init9)
 .init9         0x0000000000000104        0x4 C:/Program Files/Microchip/MPLABX/v6.20/packs/Microchip/ATmega_DFP/3.1.264/xc8/avr/lib/avr4/crtatmega8.o
 *(.init9)
                0x0000000000000108                . = ALIGN (0x2)
 *(.fini9)
 .fini9         0x0000000000000108        0x0 c:/program files/microchip/xc8/v2.50/avr/bin/../lib/gcc/avr/5.4.0/avr4\libgcc.a(_exit.o)
                0x0000000000000108                _exit
 *(.fini9)
 *(.fini8)
 *(.fini8)
 *(.fini7)
 *(.fini7)
 *(.fini6)
 *(.fini6)
 *(.fini5)
 *(.fini5)
 *(.fini4)
 *(.fini4)
 *(.fini3)
 *(.fini3)
 *(.fini2)
 *(.fini2)
 *(.fini1)
 *(.fini1)
 *(.fini0)
 .fini0         0x0000000000000108        0x4 c:/program files/microchip/xc8/v2.50/avr/bin/../lib/gcc/avr/5.4.0/avr4\libgcc.a(_exit.o)
 *(.fini0)
                0x000000000000010c                _etext = .

.data           0x0000000000800060        0x0 load address 0x000000000000010c
                [!provide]                        PROVIDE (__data_start, .)
 *(.gnu.linkonce.d*)
 *(.gnu.linkonce.r*)
                0x0000000000800060                . = ALIGN (0x2)
 *fill*         0x0000000000800060        0x0 
                0x0000000000800060                _edata = .
                [!provide]                        PROVIDE (__data_end, .)

.bss            0x0000000000800060        0x0
                [!provide]                        PROVIDE (__bss_start, .)
 *(COMMON)
                [!provide]                        PROVIDE (__bss_end, .)
                0x000000000000010c                __data_load_start = LOADADDR (.data)
                0x000000000000010c                __data_load_end = (__data_load_start + SIZEOF (.data))

.noinit         0x0000000000800060        0x0
                [!provide]                        PROVIDE (__noinit_start, .)
 *(.noinit*)
                [!provide]                        PROVIDE (__noinit_end, .)
                0x0000000000800060                _end = .

.eeprom         0x0000000000810000        0x0
 *(.eeprom*)
                0x0000000000810000                __eeprom_end = .

.fuse
 *(.fuse)
 *(.lfuse)
 *(.hfuse)
 *(.efuse)

.lock
 *(.lock*)

.signature
 *(.signature*)

.user_signatures
 *(.user_signatures*)

.bootrow
 *(.bootrow*)

.stab
 *(.stab)

.stabstr
 *(.stabstr)

.stab.excl
 *(.stab.excl)

.stab.exclstr
 *(.stab.exclstr)

.stab.index
 *(.stab.index)

.stab.indexstr
 *(.stab.indexstr)

.comment        0x0000000000000000       0x5b
 *(.comment)
 .comment       0x0000000000000000       0x2f build/simulator/debug/main.o
                                         0x30 (size before relaxing)
 .comment       0x000000000000002f       0x30 build/simulator/debug/pin.o
 .comment       0x000000000000002f       0x30 build/simulator/debug/led_driver.o
 .comment       0x000000000000002f       0x30 build/simulator/debug/modes.o
 .comment       0x000000000000002f       0x30 build/simulator/debug/timekeeping.o
 .comment       0x000000000000002f       0x2c c:/program files/microchip/xc8/v2.50/avr/bin/../lib/gcc/avr/5.4.0/../../../../avr/lib/avr4\libc.a(exit.o)
                                         0x2d (size before relaxing)
 .comment       0x000000000000005b       0x2d c:/program files/microchip/xc8/v2.50/avr/bin/../lib/gcc/avr/5.4.0/../../../../avr/lib/avr4\libc.a(strcpy.o)
 .comment       0x000000000000005b       0x2d c:/program files/microchip/xc8/v2.50/avr/bin/../lib/gcc/avr/5.4.0/../../../../avr/lib/avr4\libc.a(_Exit.o)

.stack.descriptors.hdr
                0x0000000000000000       0x7e
 .stack.descriptors.hdr
                0x0000000000000000        0xe c:/program files/microchip/xc8/v2.50/avr/bin/../lib/gcc/avr/5.4.0/avr4\libgcc.a(_umulhisi3.o)
 .stack.descriptors.hdr
                0x000000000000000e        0xe c:/program files/microchip/xc8/v2.50/avr/bin/../lib/gcc/avr/5.4.0/avr4\libgcc.a(_adddi3.o)
 .stack.descriptors.hdr
                0x000000000000001c        0xe c:/program files/microchip/xc8/v2.50/avr/bin/../lib/gcc/avr/5.4.0/avr4\libgcc.a(_adddi3_s8.o)
 .stack.descriptors.hdr
                0x000000000000002a        0xe c:/program files/microchip/xc8/v2.50/avr/bin/../lib/gcc/avr/5.4.0/avr4\libgcc.a(_subdi3.o)
 .stack.descriptors.hdr
                0x0000000000000038        0xe c:/program files/microchip/xc8/v2.50/avr/bin/../lib/gcc/avr/5.4.0/avr4\libgcc.a(_cmpdi2_s8.o)
 .stack.descriptors.hdr
                0x0000000000000046        0xe c:/program files/microchip/xc8/v2.50/avr/bin/../lib/gcc/avr/5.4.0/../../../../avr/lib/avr4\libc.a(exit.o)
 .stack.descriptors.hdr
                0x0000000000000054        0xe c:/program files/microchip/xc8/v2.50/avr/bin/../lib/gcc/avr/5.4.0/../../../../avr/lib/avr4\libc.a(strcpy.o)
 .stack.descriptors.hdr
                0x0000000000000062        0xe c:/program files/microchip/xc8/v2.50/avr/bin/../lib/gcc/avr/5.4.0/../../../../avr/lib/avr4\libc.a(_Exit.o)
 .stack.descriptors.hdr
                0x0000000000000070        0xe c:/program files/microchip/xc8/v2.50/avr/bin/../lib/gcc/avr/5.4.0/avr4\libgcc.a(_exit.o)

.note.GNU-stack
                0x0000000000000000        0x0
 .note.GNU-stack
                0x0000000000000000        0x0 c:/program files/microchip/xc8/v2.50/avr/bin/../lib/gcc/avr/5.4.0/../../../../avr/lib/avr4\libc.a(exit.o)
 .note.GNU-stack
                0x0000000000000000        0x0 c:/program files/microchip/xc8/v2.50/avr/bin/../lib/gcc/avr/5.4.0/../../../../avr/lib/avr4\libc.a(strcpy.o)
 .note.GNU-stack
                0x0000000000000000        0x0 c:/program files/microchip/xc8/v2.50/avr/bin/../lib/gcc/avr/5.4.0/../../../../avr/lib/avr4\libc.a(_Exit.o)

.note.gnu.build-id
 *(.note.gnu.build-id)

.debug
 *(.debug)

.line
 *(.line)

.debug_srcinfo
 *(.debug_srcinfo)

.debug_sfnames
 *(.debug_sfnames)

.debug_aranges  0x0000000000000000      0x120
 *(.debug_aranges)
 .debug_aranges
                0x0000000000000000       0x28 build/simulator/debug/main.o
 .debug_aranges
                0x0000000000000028       0x48 build/simulator/debug/pin.o
 .debug_aranges
                0x0000000000000070       0x48 build/simulator/debug/led_driver.o
 .debug_aranges
                0x00000000000000b8       0x40 build/simulator/debug/modes.o
 .debug_aranges
                0x00000000000000f8       0x28 build/simulator/debug/timekeeping.o

.debug_pubnames
 *(.debug_pubnames)

.debug_info     0x0000000000000000     0x28aa
 *(.debug_info .gnu.linkonce.wi.*)
 .debug_info    0x0000000000000000      0x48c C:/Program Files/Microchip/MPLABX/v6.20/packs/Microchip/ATmega_DFP/3.1.264/xc8/avr/lib/avr4/crtatmega8.o
 .debug_info    0x000000000000048c      0x4e6 build/simulator/debug/main.o
 .debug_info    0x0000000000000972      0x950 build/simulator/debug/pin.o
 .debug_info    0x00000000000012c2      0xaa0 build/simulator/debug/led_driver.o
 .debug_info    0x0000000000001d62      0x8c1 build/simulator/debug/modes.o
 .debug_info    0x0000000000002623      0x287 build/simulator/debug/timekeeping.o

.debug_abbrev   0x0000000000000000      0xc3e
 *(.debug_abbrev)
 .debug_abbrev  0x0000000000000000      0x44e C:/Program Files/Microchip/MPLABX/v6.20/packs/Microchip/ATmega_DFP/3.1.264/xc8/avr/lib/avr4/crtatmega8.o
 .debug_abbrev  0x000000000000044e      0x16f build/simulator/debug/main.o
 .debug_abbrev  0x00000000000005bd      0x1fe build/simulator/debug/pin.o
 .debug_abbrev  0x00000000000007bb      0x204 build/simulator/debug/led_driver.o
 .debug_abbrev  0x00000000000009bf      0x205 build/simulator/debug/modes.o
 .debug_abbrev  0x0000000000000bc4       0x7a build/simulator/debug/timekeeping.o

.debug_line     0x0000000000000000      0xac8
 *(.debug_line .debug_line.* .debug_line_end)
 .debug_line    0x0000000000000000      0x10a C:/Program Files/Microchip/MPLABX/v6.20/packs/Microchip/ATmega_DFP/3.1.264/xc8/avr/lib/avr4/crtatmega8.o
 .debug_line    0x000000000000010a      0x171 build/simulator/debug/main.o
 .debug_line    0x000000000000027b      0x25d build/simulator/debug/pin.o
 .debug_line    0x00000000000004d8      0x295 build/simulator/debug/led_driver.o
 .debug_line    0x000000000000076d      0x29f build/simulator/debug/modes.o
 .debug_line    0x0000000000000a0c       0xbc build/simulator/debug/timekeeping.o

.debug_frame    0x0000000000000000      0x428
 *(.debug_frame)
 .debug_frame   0x0000000000000000       0x54 build/simulator/debug/main.o
 .debug_frame   0x0000000000000054      0x144 build/simulator/debug/pin.o
 .debug_frame   0x0000000000000198       0xb4 build/simulator/debug/led_driver.o
 .debug_frame   0x000000000000024c      0x170 build/simulator/debug/modes.o
 .debug_frame   0x00000000000003bc       0x6c build/simulator/debug/timekeeping.o

.debug_str      0x0000000000000000      0x25e
 *(.debug_str)
 .debug_str     0x0000000000000000      0x17a C:/Program Files/Microchip/MPLABX/v6.20/packs/Microchip/ATmega_DFP/3.1.264/xc8/avr/lib/avr4/crtatmega8.o
 .debug_str     0x000000000000017a       0x2f build/simulator/debug/main.o
 .debug_str     0x00000000000001a9       0x33 build/simulator/debug/pin.o
 .debug_str     0x00000000000001dc        0x0 build/simulator/debug/led_driver.o
 .debug_str     0x00000000000001dc       0x82 build/simulator/debug/modes.o
 .debug_str     0x000000000000025e        0x0 build/simulator/debug/timekeeping.o

.debug_loc      0x0000000000000000      0xf80
 *(.debug_loc)
 .debug_loc     0x0000000000000000       0x90 build/simulator/debug/main.o
 .debug_loc     0x0000000000000090      0x317 build/simulator/debug/pin.o
 .debug_loc     0x00000000000003a7      0x2ee build/simulator/debug/led_driver.o
 .debug_loc     0x0000000000000695      0x8eb build/simulator/debug/modes.o

.debug_macinfo
 *(.debug_macinfo)

.debug_weaknames
 *(.debug_weaknames)

.debug_funcnames
 *(.debug_funcnames)

.debug_typenames
 *(.debug_typenames)

.debug_varnames
 *(.debug_varnames)

.debug_pubtypes
 *(.debug_pubtypes)

.debug_ranges   0x0000000000000000      0x100
 *(.debug_ranges)
 .debug_ranges  0x0000000000000000       0x18 build/simulator/debug/main.o
 .debug_ranges  0x0000000000000018       0x50 build/simulator/debug/pin.o
 .debug_ranges  0x0000000000000068       0x38 build/simulator/debug/led_driver.o
 .debug_ranges  0x00000000000000a0       0x48 build/simulator/debug/modes.o
 .debug_ranges  0x00000000000000e8       0x18 build/simulator/debug/timekeeping.o

.debug_macro
 *(.debug_macro)
OUTPUT(dist/simulator/debug/counter-timer-sw.debug.elf elf32-avr)
LOAD linker stubs
LOAD data_init

.note.gnu.avr.deviceinfo
                0x0000000000000000       0x3c
 .note.gnu.avr.deviceinfo
                0x0000000000000000       0x3c C:/Program Files/Microchip/MPLABX/v6.20/packs/Microchip/ATmega_DFP/3.1.264/xc8/avr/lib/avr4/crtatmega8.o

.bss.debounce_finished.2066
                0x0000000000800171        0x1
 .bss.debounce_finished.2066
                0x0000000000800171        0x1 build/simulator/debug/pin.o

.bss.interruptFired
                0x0000000000800172        0x1
 .bss.interruptFired
                0x0000000000800172        0x1 build/simulator/debug/led_driver.o
                0x0000000000800172                interruptFired

.bss.CharacterDisplayed
                0x0000000000800169        0x2
 .bss.CharacterDisplayed
                0x0000000000800169        0x2 build/simulator/debug/led_driver.o
                0x0000000000800169                CharacterDisplayed

.bss.CharSpace  0x0000000000800173        0x1
 .bss.CharSpace
                0x0000000000800173        0x1 build/simulator/debug/led_driver.o
                0x0000000000800173                CharSpace

.bss.tick_at_last_increment.2057
                0x00000000008000b2        0x8
 .bss.tick_at_last_increment.2057
                0x00000000008000b2        0x8 build/simulator/debug/modes.o

.bss.counter.2062
                0x000000000080016b        0x2
 .bss.counter.2062
                0x000000000080016b        0x2 build/simulator/debug/modes.o

.bss.counter_accumulated_increment.2066
                0x000000000080016d        0x2
 .bss.counter_accumulated_increment.2066
                0x000000000080016d        0x2 build/simulator/debug/modes.o

.bss.cumulative_tick.2065
                0x00000000008000ba        0x8
 .bss.cumulative_tick.2065
                0x00000000008000ba        0x8 build/simulator/debug/modes.o

.bss.last_tick.2064
                0x000000000080016f        0x2
 .bss.last_tick.2064
                0x000000000080016f        0x2 build/simulator/debug/modes.o

.bss.last_pushed.2070
                0x0000000000800161        0x4
 .bss.last_pushed.2070
                0x0000000000800161        0x4 build/simulator/debug/modes.o

.bss.tick_at_first_pushed.2071
                0x0000000000800060       0x20
 .bss.tick_at_first_pushed.2071
                0x0000000000800060       0x20 build/simulator/debug/modes.o

.bss.last_pushed.2040
                0x0000000000800165        0x4
 .bss.last_pushed.2040
                0x0000000000800165        0x4 build/simulator/debug/modes.o

.bss.tick_at_first_pushed.2041
                0x0000000000800080       0x20
 .bss.tick_at_first_pushed.2041
                0x0000000000800080       0x20 build/simulator/debug/modes.o

.bss.tick       0x00000000008000ca        0x8
 .bss.tick      0x00000000008000ca        0x8 build/simulator/debug/timekeeping.o

.text.counterHandler
                0x000000000000010c      0x276
 .text.counterHandler
                0x000000000000010c      0x276 build/simulator/debug/modes.o
                0x000000000000010c                counterHandler

.text.setAnodes
                0x0000000000000382      0x190
 .text.setAnodes
                0x0000000000000382      0x190 build/simulator/debug/led_driver.o

.text.integerToString
                0x0000000000000512      0x114
 .text.integerToString
                0x0000000000000512      0x114 build/simulator/debug/modes.o

.text.incrementCounter
                0x0000000000000626      0x10a
 .text.incrementCounter
                0x0000000000000626      0x10a build/simulator/debug/modes.o

.text.readGpioNonblockingReleased
                0x0000000000000730      0x108
 .text.readGpioNonblockingReleased
                0x0000000000000730      0x108 build/simulator/debug/pin.o
                0x0000000000000730                readGpioNonblockingReleased

.text.readGpioNonblocking
                0x0000000000000838       0xce
 .text.readGpioNonblocking
                0x0000000000000838       0xce build/simulator/debug/pin.o
                0x0000000000000838                readGpioNonblocking

.text.clearDisplay
                0x0000000000000906       0xc2
 .text.clearDisplay
                0x0000000000000906       0xc2 build/simulator/debug/led_driver.o
                0x0000000000000906                clearDisplay

.text.switchDemoHandler
                0x00000000000009c8       0xb6
 .text.switchDemoHandler
                0x00000000000009c8       0xb6 build/simulator/debug/modes.o
                0x00000000000009c8                switchDemoHandler

.text.setGPIO   0x0000000000000a7e       0xa2
 .text.setGPIO  0x0000000000000a7e       0xa2 build/simulator/debug/pin.o
                0x0000000000000a7e                setGPIO

.text.setCharacter
                0x0000000000000b20       0x98
 .text.setCharacter
                0x0000000000000b20       0x98 build/simulator/debug/led_driver.o

.text.main      0x0000000000000bb8       0x8c
 .text.main     0x0000000000000bb8       0x8c build/simulator/debug/main.o
                0x0000000000000bb8                main

.text.__vector_5
                0x0000000000000c44       0x7c
 .text.__vector_5
                0x0000000000000c44       0x7c build/simulator/debug/timekeeping.o
                0x0000000000000c44                __vector_5

.text.handleLEDInterrupt
                0x0000000000000cc0       0x72
 .text.handleLEDInterrupt
                0x0000000000000cc0       0x72 build/simulator/debug/led_driver.o
                0x0000000000000cc0                handleLEDInterrupt

.text.init      0x0000000000000d32       0x6e
 .text.init     0x0000000000000d32       0x6e build/simulator/debug/main.o
                0x0000000000000d32                init

.text.readGpioRaw
                0x0000000000000da0       0x4c
 .text.readGpioRaw
                0x0000000000000da0       0x4c build/simulator/debug/pin.o
                0x0000000000000da0                readGpioRaw

.text.tickHandler
                0x0000000000000dec       0x44
 .text.tickHandler
                0x0000000000000dec       0x44 build/simulator/debug/modes.o
                0x0000000000000dec                tickHandler

.text.setRegBit
                0x0000000000000e30       0x36
 .text.setRegBit
                0x0000000000000e30       0x36 build/simulator/debug/pin.o
                0x0000000000000e30                setRegBit

.text.__vector_3
                0x0000000000000e66       0x2a
 .text.__vector_3
                0x0000000000000e66       0x2a build/simulator/debug/led_driver.o
                0x0000000000000e66                __vector_3

.text.getTick   0x0000000000000e90       0x22
 .text.getTick  0x0000000000000e90       0x22 build/simulator/debug/timekeeping.o
                0x0000000000000e90                getTick

.text.libgcc.mul
                0x0000000000000eb2       0x18
 .text.libgcc.mul
                0x0000000000000eb2       0x18 c:/program files/microchip/xc8/v2.50/avr/bin/../lib/gcc/avr/5.4.0/avr4\libgcc.a(_umulhisi3.o)
                0x0000000000000eb2                __umulhisi3

.text.libgcc    0x0000000000000eca       0x18
 .text.libgcc   0x0000000000000eca       0x18 c:/program files/microchip/xc8/v2.50/avr/bin/../lib/gcc/avr/5.4.0/avr4\libgcc.a(_adddi3_s8.o)
                0x0000000000000eca                __adddi3_s8

.text.libgcc    0x0000000000000ee2       0x18
 .text.libgcc   0x0000000000000ee2       0x18 c:/program files/microchip/xc8/v2.50/avr/bin/../lib/gcc/avr/5.4.0/avr4\libgcc.a(_cmpdi2_s8.o)
                0x0000000000000ee2                __cmpdi2_s8

.text.libgcc    0x0000000000000efa       0x12
 .text.libgcc   0x0000000000000efa       0x12 c:/program files/microchip/xc8/v2.50/avr/bin/../lib/gcc/avr/5.4.0/avr4\libgcc.a(_adddi3.o)
                0x0000000000000efa                __adddi3

.text.libgcc    0x0000000000000f0c       0x12
 .text.libgcc   0x0000000000000f0c       0x12 c:/program files/microchip/xc8/v2.50/avr/bin/../lib/gcc/avr/5.4.0/avr4\libgcc.a(_subdi3.o)
                0x0000000000000f0c                __subdi3

.text.strcpy    0x0000000000000f1e       0x10
 .text.strcpy   0x0000000000000f1e       0x10 c:/program files/microchip/xc8/v2.50/avr/bin/../lib/gcc/avr/5.4.0/../../../../avr/lib/avr4\libc.a(strcpy.o)
                0x0000000000000f1e                strcpy

.text.exit      0x0000000000000f2e        0xe
 .text.exit     0x0000000000000f2e        0xe c:/program files/microchip/xc8/v2.50/avr/bin/../lib/gcc/avr/5.4.0/../../../../avr/lib/avr4\libc.a(exit.o)
                0x0000000000000f2e                exit

.text.displayLED
                0x0000000000000f3c        0xa
 .text.displayLED
                0x0000000000000f3c        0xa build/simulator/debug/led_driver.o
                0x0000000000000f3c                displayLED

.text           0x0000000000000f46        0x2
 .text          0x0000000000000f46        0x2 C:/Program Files/Microchip/MPLABX/v6.20/packs/Microchip/ATmega_DFP/3.1.264/xc8/avr/lib/avr4/crtatmega8.o
                0x0000000000000f46                __vector_1
                0x0000000000000f46                __vector_12
                0x0000000000000f46                __bad_interrupt
                0x0000000000000f46                __vector_6
                0x0000000000000f46                __vector_11
                0x0000000000000f46                __vector_13
                0x0000000000000f46                __vector_17
                0x0000000000000f46                __vector_7
                0x0000000000000f46                __vector_4
                0x0000000000000f46                __vector_9
                0x0000000000000f46                __vector_2
                0x0000000000000f46                __vector_15
                0x0000000000000f46                __vector_8
                0x0000000000000f46                __vector_14
                0x0000000000000f46                __vector_10
                0x0000000000000f46                __vector_16
                0x0000000000000f46                __vector_18

.text.__dummy_fini
                0x0000000000000f48        0x2
 .text.__dummy_fini
                0x0000000000000f48        0x2 c:/program files/microchip/xc8/v2.50/avr/bin/../lib/gcc/avr/5.4.0/../../../../avr/lib/avr4\libc.a(exit.o)
                0x0000000000000f48                _fini

.text.__dummy_funcs_on_exit
                0x0000000000000f4a        0x2
 .text.__dummy_funcs_on_exit
                0x0000000000000f4a        0x2 c:/program files/microchip/xc8/v2.50/avr/bin/../lib/gcc/avr/5.4.0/../../../../avr/lib/avr4\libc.a(exit.o)
                0x0000000000000f4a                __funcs_on_exit

.text.__dummy_simulator_exit
                0x0000000000000f4c        0x2
 .text.__dummy_simulator_exit
                0x0000000000000f4c        0x2 c:/program files/microchip/xc8/v2.50/avr/bin/../lib/gcc/avr/5.4.0/../../../../avr/lib/avr4\libc.a(exit.o)
                0x0000000000000f4c                __simulator_exit

.text._Exit     0x0000000000000f4e        0x2
 .text._Exit    0x0000000000000f4e        0x2 c:/program files/microchip/xc8/v2.50/avr/bin/../lib/gcc/avr/5.4.0/../../../../avr/lib/avr4\libc.a(_Exit.o)
                0x0000000000000f4e                _Exit

.data.SW        0x00000000008000a0        0xa load address 0x0000000000000f50
 .data.SW       0x00000000008000a0        0xa build/simulator/debug/pin.o
                0x00000000008000a0                SW

.data.CharacterCathodes
                0x00000000008000aa        0x8 load address 0x0000000000000f5a
 .data.CharacterCathodes
                0x00000000008000aa        0x8 build/simulator/debug/led_driver.o
                0x00000000008000aa                CharacterCathodes

.data.Handlers  0x00000000008000c2        0x8 load address 0x0000000000000f62
 .data.Handlers
                0x00000000008000c2        0x8 build/simulator/debug/modes.o
                0x00000000008000c2                Handlers

.data.SW5       0x00000000008000d2        0x7 load address 0x0000000000000f6a
 .data.SW5      0x00000000008000d2        0x7 build/simulator/debug/pin.o
                0x00000000008000d2                SW5

.data.SW4       0x00000000008000d9        0x7 load address 0x0000000000000f71
 .data.SW4      0x00000000008000d9        0x7 build/simulator/debug/pin.o
                0x00000000008000d9                SW4

.data.SW3       0x00000000008000e0        0x7 load address 0x0000000000000f78
 .data.SW3      0x00000000008000e0        0x7 build/simulator/debug/pin.o
                0x00000000008000e0                SW3

.data.SW2       0x00000000008000e7        0x7 load address 0x0000000000000f7f
 .data.SW2      0x00000000008000e7        0x7 build/simulator/debug/pin.o
                0x00000000008000e7                SW2

.data.SW1       0x00000000008000ee        0x7 load address 0x0000000000000f86
 .data.SW1      0x00000000008000ee        0x7 build/simulator/debug/pin.o
                0x00000000008000ee                SW1

.data.ADP       0x00000000008000f5        0x7 load address 0x0000000000000f8d
 .data.ADP      0x00000000008000f5        0x7 build/simulator/debug/pin.o
                0x00000000008000f5                ADP

.data.AG        0x00000000008000fc        0x7 load address 0x0000000000000f94
 .data.AG       0x00000000008000fc        0x7 build/simulator/debug/pin.o
                0x00000000008000fc                AG

.data.AF        0x0000000000800103        0x7 load address 0x0000000000000f9b
 .data.AF       0x0000000000800103        0x7 build/simulator/debug/pin.o
                0x0000000000800103                AF

.data.AE        0x000000000080010a        0x7 load address 0x0000000000000fa2
 .data.AE       0x000000000080010a        0x7 build/simulator/debug/pin.o
                0x000000000080010a                AE

.data.AD        0x0000000000800111        0x7 load address 0x0000000000000fa9
 .data.AD       0x0000000000800111        0x7 build/simulator/debug/pin.o
                0x0000000000800111                AD

.data.AC        0x0000000000800118        0x7 load address 0x0000000000000fb0
 .data.AC       0x0000000000800118        0x7 build/simulator/debug/pin.o
                0x0000000000800118                AC

.data.AB        0x000000000080011f        0x7 load address 0x0000000000000fb7
 .data.AB       0x000000000080011f        0x7 build/simulator/debug/pin.o
                0x000000000080011f                AB

.data.AAL123    0x0000000000800126        0x7 load address 0x0000000000000fbe
 .data.AAL123   0x0000000000800126        0x7 build/simulator/debug/pin.o
                0x0000000000800126                AAL123

.data.CCL3      0x000000000080012d        0x7 load address 0x0000000000000fc5
 .data.CCL3     0x000000000080012d        0x7 build/simulator/debug/pin.o
                0x000000000080012d                CCL3

.data.CCL12     0x0000000000800134        0x7 load address 0x0000000000000fcc
 .data.CCL12    0x0000000000800134        0x7 build/simulator/debug/pin.o
                0x0000000000800134                CCL12

.data.CCD4      0x000000000080013b        0x7 load address 0x0000000000000fd3
 .data.CCD4     0x000000000080013b        0x7 build/simulator/debug/pin.o
                0x000000000080013b                CCD4

.data.CCD3      0x0000000000800142        0x7 load address 0x0000000000000fda
 .data.CCD3     0x0000000000800142        0x7 build/simulator/debug/pin.o
                0x0000000000800142                CCD3

.data.CCD2      0x0000000000800149        0x7 load address 0x0000000000000fe1
 .data.CCD2     0x0000000000800149        0x7 build/simulator/debug/pin.o
                0x0000000000800149                CCD2

.data.CCD1      0x0000000000800150        0x7 load address 0x0000000000000fe8
 .data.CCD1     0x0000000000800150        0x7 build/simulator/debug/pin.o
                0x0000000000800150                CCD1

.data.StringDisplayed
                0x0000000000800157        0x5 load address 0x0000000000000fef
 .data.StringDisplayed
                0x0000000000800157        0x5 build/simulator/debug/led_driver.o
                0x0000000000800157                StringDisplayed

.rodata         0x000000000080015c        0x5 load address 0x0000000000000ff4
 .rodata        0x000000000080015c        0x5 build/simulator/debug/modes.o

.data.Char9     0x0000000000800174        0x1 load address 0x0000000000000ff9
 .data.Char9    0x0000000000800174        0x1 build/simulator/debug/led_driver.o
                0x0000000000800174                Char9

.data.Char8     0x0000000000800175        0x1 load address 0x0000000000000ffa
 .data.Char8    0x0000000000800175        0x1 build/simulator/debug/led_driver.o
                0x0000000000800175                Char8

.data.Char7     0x0000000000800176        0x1 load address 0x0000000000000ffb
 .data.Char7    0x0000000000800176        0x1 build/simulator/debug/led_driver.o
                0x0000000000800176                Char7

.data.Char6     0x0000000000800177        0x1 load address 0x0000000000000ffc
 .data.Char6    0x0000000000800177        0x1 build/simulator/debug/led_driver.o
                0x0000000000800177                Char6

.data.Char5     0x0000000000800178        0x1 load address 0x0000000000000ffd
 .data.Char5    0x0000000000800178        0x1 build/simulator/debug/led_driver.o
                0x0000000000800178                Char5

.data.Char4     0x0000000000800179        0x1 load address 0x0000000000000ffe
 .data.Char4    0x0000000000800179        0x1 build/simulator/debug/led_driver.o
                0x0000000000800179                Char4

.data.Char3     0x000000000080017a        0x1 load address 0x0000000000000fff
 .data.Char3    0x000000000080017a        0x1 build/simulator/debug/led_driver.o
                0x000000000080017a                Char3

.data.Char2     0x000000000080017b        0x1 load address 0x0000000000001000
 .data.Char2    0x000000000080017b        0x1 build/simulator/debug/led_driver.o
                0x000000000080017b                Char2

.data.Char1     0x000000000080017c        0x1 load address 0x0000000000001001
 .data.Char1    0x000000000080017c        0x1 build/simulator/debug/led_driver.o
                0x000000000080017c                Char1

.data.Char0     0x000000000080017d        0x1 load address 0x0000000000001002
 .data.Char0    0x000000000080017d        0x1 build/simulator/debug/led_driver.o
                0x000000000080017d                Char0

.data.CharL     0x000000000080017e        0x1 load address 0x0000000000001003
 .data.CharL    0x000000000080017e        0x1 build/simulator/debug/led_driver.o
                0x000000000080017e                CharL

.data.CharH     0x000000000080017f        0x1 load address 0x0000000000001004
 .data.CharH    0x000000000080017f        0x1 build/simulator/debug/led_driver.o
                0x000000000080017f                CharH

.data.CharF     0x0000000000800180        0x1 load address 0x0000000000001005
 .data.CharF    0x0000000000800180        0x1 build/simulator/debug/led_driver.o
                0x0000000000800180                CharF

.data.CharC     0x0000000000800181        0x1 load address 0x0000000000001006
 .data.CharC    0x0000000000800181        0x1 build/simulator/debug/led_driver.o
                0x0000000000800181                CharC

.data.Charb     0x0000000000800182        0x1 load address 0x0000000000001007
 .data.Charb    0x0000000000800182        0x1 build/simulator/debug/led_driver.o
                0x0000000000800182                Charb

.data.CharA     0x0000000000800183        0x1 load address 0x0000000000001008
 .data.CharA    0x0000000000800183        0x1 build/simulator/debug/led_driver.o
                0x0000000000800183                CharA

.data.last_switch.2063
                0x0000000000800184        0x1 load address 0x0000000000001009
 .data.last_switch.2063
                0x0000000000800184        0x1 build/simulator/debug/modes.o
